2026-09-17 16:59:44.268 [TRANSITION] MetroHub is now SHOWN (Foreground Active) | Working Set: 193.8 MB
2026-09-17 16:59:53.329 [TRANSITION] MetroHub is now HIDDEN (Background Dormant) | Working Set: 242.1 MB
2026-09-17 17:00:14.785 [TRANSITION] MetroHub is now SHOWN (Foreground Active) | Working Set: 89.8 MB
2026-09-17 17:00:16.496 [TRANSITION] MetroHub is now HIDDEN (Background Dormant) | Working Set: 110.1 MB
2026-09-17 17:00:48.973 [HIDDEN ACTIVITY DETECTED] [MediaWidget] Manager_CurrentSessionChanged | Working Set: 61.1 MB | Details: Deferred until Hub shown
2026-09-17 17:00:56.174 [TRANSITION] MetroHub is now SHOWN (Foreground Active) | Working Set: 71.3 MB
2026-09-17 17:00:57.354 [TRANSITION] MetroHub is now HIDDEN (Background Dormant) | Working Set: 94.0 MB
2026-09-17 17:01:02.531 [TRANSITION] MetroHub is now SHOWN (Foreground Active) | Working Set: 61.6 MB
2026-09-17 17:01:10.754 [TRANSITION] MetroHub is now HIDDEN (Background Dormant) | Working Set: 100.7 MB
2026-09-17 17:01:13.712 [TRANSITION] MetroHub is now SHOWN (Foreground Active) | Working Set: 59.4 MB
2026-09-17 17:01:16.834 [TRANSITION] MetroHub is now HIDDEN (Background Dormant) | Working Set: 85.0 MB
2026-09-17 17:01:18.450 [TRANSITION] MetroHub is now SHOWN (Foreground Active) | Working Set: 53.1 MB
2026-09-17 17:01:19.474 [TRANSITION] MetroHub is now HIDDEN (Background Dormant) | Working Set: 71.1 MB
2026-09-17 17:01:20.371 [TRANSITION] MetroHub is now SHOWN (Foreground Active) | Working Set: 48.9 MB
2026-09-17 17:01:21.251 [TRANSITION] MetroHub is now HIDDEN (Background Dormant) | Working Set: 78.8 MB
2026-09-17 17:01:22.565 [TRANSITION] MetroHub is now SHOWN (Foreground Active) | Working Set: 51.6 MB
2026-09-17 17:01:23.196 [TRANSITION] MetroHub is now HIDDEN (Background Dormant) | Working Set: 68.7 MB
2026-09-17 17:02:05.803 [TRANSITION] MetroHub is now SHOWN (Foreground Active) | Working Set: 58.8 MB
2026-09-17 17:02:12.556 [TRANSITION] MetroHub is now HIDDEN (Background Dormant) | Working Set: 143.5 MB
2026-09-17 17:02:17.119 [TRANSITION] MetroHub is now SHOWN (Foreground Active) | Working Set: 76.2 MB
2026-09-17 17:02:22.347 [TRANSITION] MetroHub is now HIDDEN (Background Dormant) | Working Set: 107.7 MB
2026-09-17 17:02:59.133 [TRANSITION] MetroHub is now SHOWN (Foreground Active) | Working Set: 63.6 MB
2026-09-17 17:03:00.964 [TRANSITION] MetroHub is now HIDDEN (Background Dormant) | Working Set: 90.1 MB
2026-09-17 17:04:04.338 [TRANSITION] MetroHub is now SHOWN (Foreground Active) | Working Set: 58.8 MB
2026-09-17 17:04:06.779 [TRANSITION] MetroHub is now HIDDEN (Background Dormant) | Working Set: 81.9 MB
2026-09-17 17:04:39.993 [TRANSITION] MetroHub is now SHOWN (Foreground Active) | Working Set: 62.5 MB
2026-09-17 17:04:45.798 [TRANSITION] MetroHub is now HIDDEN (Background Dormant) | Working Set: 98.0 MB
2026-09-17 17:04:48.473 [TRANSITION] MetroHub is now SHOWN (Foreground Active) | Working Set: 60.6 MB
2026-09-17 17:05:14.657 [TRANSITION] MetroHub is now HIDDEN (Background Dormant) | Working Set: 141.2 MB
2026-09-17 17:06:08.062 [TRANSITION] MetroHub is now SHOWN (Foreground Active) | Working Set: 66.2 MB
2026-09-17 17:06:30.902 [TRANSITION] MetroHub is now HIDDEN (Background Dormant) | Working Set: 88.4 MB
2026-09-17 17:07:03.006 [TRANSITION] MetroHub is now SHOWN (Foreground Active) | Working Set: 64.6 MB
2026-09-17 17:07:04.991 [TRANSITION] MetroHub is now HIDDEN (Background Dormant) | Working Set: 105.9 MB
2026-09-17 17:07:39.397 [TRANSITION] MetroHub is now SHOWN (Foreground Active) | Working Set: 63.2 MB
2026-09-17 17:07:55.438 [TRANSITION] MetroHub is now HIDDEN (Background Dormant) | Working Set: 111.6 MB
2026-09-17 17:15:18.936 [TRANSITION] MetroHub is now SHOWN (Foreground Active) | Working Set: 168.7 MB
2026-09-17 17:15:19.079 [TRANSITION] MetroHub is now HIDDEN (Background Dormant) | Working Set: 174.0 MB
2026-09-17 17:15:27.043 [TRANSITION] MetroHub is now SHOWN (Foreground Active) | Working Set: 206.6 MB
2026-09-17 17:15:30.059 [TRANSITION] MetroHub is now HIDDEN (Background Dormant) | Working Set: 224.5 MB
2026-09-17 17:15:30.722 [TRANSITION] MetroHub is now SHOWN (Foreground Active) | Working Set: 226.8 MB
2026-09-17 17:15:31.429 [TRANSITION] MetroHub is now HIDDEN (Background Dormant) | Working Set: 228.6 MB
2026-09-17 17:15:48.121 [TRANSITION] MetroHub is now SHOWN (Foreground Active) | Working Set: 229.1 MB
2026-09-17 17:15:51.877 [TRANSITION] MetroHub is now HIDDEN (Background Dormant) | Working Set: 223.8 MB
2026-09-17 17:15:52.359 [TRANSITION] MetroHub is now SHOWN (Foreground Active) | Working Set: 224.1 MB
2026-09-17 17:15:53.005 [TRANSITION] MetroHub is now HIDDEN (Background Dormant) | Working Set: 222.6 MB
2026-09-17 17:15:53.443 [TRANSITION] MetroHub is now SHOWN (Foreground Active) | Working Set: 222.7 MB
2026-09-17 17:15:54.094 [TRANSITION] MetroHub is now HIDDEN (Background Dormant) | Working Set: 222.8 MB
2026-09-17 17:15:54.527 [TRANSITION] MetroHub is now SHOWN (Foreground Active) | Working Set: 222.7 MB
2026-09-17 17:16:01.343 [TRANSITION] MetroHub is now HIDDEN (Background Dormant) | Working Set: 226.0 MB
2026-09-17 17:16:25.881 [TRANSITION] MetroHub is now SHOWN (Foreground Active) | Working Set: 222.4 MB
2026-09-17 17:16:36.047 [TRANSITION] MetroHub is now HIDDEN (Background Dormant) | Working Set: 248.6 MB
2026-09-17 17:17:05.645 [TRANSITION] MetroHub is now SHOWN (Foreground Active) | Working Set: 241.8 MB
2026-09-17 17:17:07.864 [TRANSITION] MetroHub is now HIDDEN (Background Dormant) | Working Set: 243.4 MB
2026-09-17 17:17:18.659 [TRANSITION] MetroHub is now SHOWN (Foreground Active) | Working Set: 243.5 MB
2026-09-17 17:17:26.057 [TRANSITION] MetroHub is now HIDDEN (Background Dormant) | Working Set: 247.2 MB
2026-09-17 17:17:35.023 [HIDDEN ACTIVITY DETECTED] [MediaWidget] Session_PlaybackInfoChanged | Working Set: 247.2 MB | Details: Skipped timer restart while hidden
2026-09-17 17:17:35.051 [HIDDEN ACTIVITY DETECTED] [MediaWidget] Session_PlaybackInfoChanged | Working Set: 247.2 MB | Details: Skipped timer restart while hidden
2026-09-17 17:17:35.499 [HIDDEN ACTIVITY DETECTED] [MediaWidget] Session_PlaybackInfoChanged | Working Set: 247.3 MB | Details: Skipped timer restart while hidden
2026-09-17 17:17:35.507 [HIDDEN ACTIVITY DETECTED] [MediaWidget] Session_MediaPropertiesChanged | Working Set: 247.3 MB | Details: Deferred until Hub shown
2026-09-17 17:17:35.558 [HIDDEN ACTIVITY DETECTED] [MediaWidget] Session_MediaPropertiesChanged | Working Set: 247.3 MB | Details: Deferred until Hub shown
2026-09-17 17:17:35.564 [HIDDEN ACTIVITY DETECTED] [MediaWidget] Session_MediaPropertiesChanged | Working Set: 247.3 MB | Details: Deferred until Hub shown
2026-09-17 17:17:35.984 [HIDDEN ACTIVITY DETECTED] [MediaWidget] Session_MediaPropertiesChanged | Working Set: 247.5 MB | Details: Deferred until Hub shown
2026-09-17 17:17:35.991 [HIDDEN ACTIVITY DETECTED] [MediaWidget] Session_MediaPropertiesChanged | Working Set: 247.5 MB | Details: Deferred until Hub shown
2026-09-17 17:17:36.556 [TRANSITION] MetroHub is now SHOWN (Foreground Active) | Working Set: 247.5 MB
2026-09-17 17:17:38.345 [TRANSITION] MetroHub is now HIDDEN (Background Dormant) | Working Set: 247.5 MB
2026-09-17 17:17:57.737 [TRANSITION] MetroHub is now SHOWN (Foreground Active) | Working Set: 247.5 MB
2026-09-17 17:18:04.722 [TRANSITION] MetroHub is now HIDDEN (Background Dormant) | Working Set: 251.8 MB
2026-09-17 17:18:19.058 [TRANSITION] MetroHub is now SHOWN (Foreground Active) | Working Set: 249.1 MB
2026-09-17 17:18:38.940 [TRANSITION] MetroHub is now HIDDEN (Background Dormant) | Working Set: 255.1 MB
2026-09-17 17:18:51.055 [TRANSITION] MetroHub is now SHOWN (Foreground Active) | Working Set: 250.4 MB
2026-09-17 17:18:53.886 [TRANSITION] MetroHub is now HIDDEN (Background Dormant) | Working Set: 254.9 MB
2026-09-17 17:19:19.684 [TRANSITION] MetroHub is now SHOWN (Foreground Active) | Working Set: 252.6 MB
2026-09-17 17:19:23.501 [TRANSITION] MetroHub is now HIDDEN (Background Dormant) | Working Set: 255.2 MB
2026-09-17 17:22:26.073 [TRANSITION] MetroHub is now SHOWN (Foreground Active) | Working Set: 167.3 MB
2026-09-17 17:22:29.951 [TRANSITION] MetroHub is now HIDDEN (Background Dormant) | Working Set: 199.7 MB
2026-09-17 17:22:46.473 [TRANSITION] MetroHub is now SHOWN (Foreground Active) | Working Set: 136.3 MB
2026-09-17 17:22:46.867 [TRANSITION] MetroHub is now HIDDEN (Background Dormant) | Working Set: 145.0 MB
2026-09-17 17:43:07.784 [TRANSITION] MetroHub is now SHOWN (Foreground Active) | Working Set: 68.7 MB
2026-09-17 17:43:13.873 [TRANSITION] MetroHub is now HIDDEN (Background Dormant) | Working Set: 157.9 MB
2026-09-17 17:43:36.978 [TRANSITION] MetroHub is now SHOWN (Foreground Active) | Working Set: 79.7 MB
2026-09-17 17:43:48.116 [TRANSITION] MetroHub is now HIDDEN (Background Dormant) | Working Set: 100.4 MB
2026-09-17 17:44:48.692 [TRANSITION] MetroHub is now SHOWN (Foreground Active) | Working Set: 61.6 MB
2026-09-17 17:45:00.478 [TRANSITION] MetroHub is now HIDDEN (Background Dormant) | Working Set: 129.8 MB
2026-09-17 17:45:05.687 [HIDDEN ACTIVITY DETECTED] [MediaWidget] Manager_CurrentSessionChanged | Working Set: 52.5 MB | Details: Deferred until Hub shown
2026-09-17 17:45:05.687 [HIDDEN ACTIVITY DETECTED] [MediaWidget] Manager_CurrentSessionChanged | Working Set: 52.5 MB | Details: Deferred until Hub shown
2026-09-17 17:45:05.688 [HIDDEN ACTIVITY DETECTED] [MediaWidget] Manager_CurrentSessionChanged | Working Set: 53.3 MB | Details: Deferred until Hub shown
2026-09-17 17:45:05.711 [HIDDEN ACTIVITY DETECTED] [MediaWidget] Session_PlaybackInfoChanged | Working Set: 53.8 MB | Details: Skipped timer restart while hidden
2026-09-17 17:45:05.717 [HIDDEN ACTIVITY DETECTED] [MediaWidget] Session_PlaybackInfoChanged | Working Set: 53.8 MB | Details: Skipped timer restart while hidden
2026-09-17 17:45:05.726 [HIDDEN ACTIVITY DETECTED] [MediaWidget] Session_PlaybackInfoChanged | Working Set: 53.8 MB | Details: Skipped timer restart while hidden
2026-09-17 17:45:13.991 [HIDDEN ACTIVITY DETECTED] [MediaWidget] Session_PlaybackInfoChanged | Working Set: 56.9 MB | Details: Skipped timer restart while hidden
2026-09-17 17:45:13.999 [HIDDEN ACTIVITY DETECTED] [MediaWidget] Session_PlaybackInfoChanged | Working Set: 57.0 MB | Details: Skipped timer restart while hidden
2026-09-17 17:45:14.008 [HIDDEN ACTIVITY DETECTED] [MediaWidget] Session_PlaybackInfoChanged | Working Set: 57.2 MB | Details: Skipped timer restart while hidden
2026-09-17 17:45:14.013 [HIDDEN ACTIVITY DETECTED] [MediaWidget] Session_PlaybackInfoChanged | Working Set: 57.8 MB | Details: Skipped timer restart while hidden
2026-09-17 17:45:14.019 [HIDDEN ACTIVITY DETECTED] [MediaWidget] Session_PlaybackInfoChanged | Working Set: 57.9 MB | Details: Skipped timer restart while hidden
2026-09-17 17:45:14.024 [HIDDEN ACTIVITY DETECTED] [MediaWidget] Session_PlaybackInfoChanged | Working Set: 57.9 MB | Details: Skipped timer restart while hidden
2026-09-17 17:45:14.029 [HIDDEN ACTIVITY DETECTED] [MediaWidget] Session_PlaybackInfoChanged | Working Set: 57.9 MB | Details: Skipped timer restart while hidden
2026-09-17 17:45:14.175 [HIDDEN ACTIVITY DETECTED] [MediaWidget] Manager_CurrentSessionChanged | Working Set: 60.3 MB | Details: Deferred until Hub shown
2026-09-17 17:45:14.462 [HIDDEN ACTIVITY DETECTED] [MediaWidget] Session_MediaPropertiesChanged | Working Set: 60.4 MB | Details: Deferred until Hub shown
2026-09-17 17:45:14.468 [HIDDEN ACTIVITY DETECTED] [MediaWidget] Session_MediaPropertiesChanged | Working Set: 60.8 MB | Details: Deferred until Hub shown
2026-09-17 17:45:14.483 [HIDDEN ACTIVITY DETECTED] [MediaWidget] Session_PlaybackInfoChanged | Working Set: 61.3 MB | Details: Skipped timer restart while hidden
2026-09-17 17:45:14.488 [HIDDEN ACTIVITY DETECTED] [MediaWidget] Session_PlaybackInfoChanged | Working Set: 61.5 MB | Details: Skipped timer restart while hidden
2026-09-17 17:45:14.492 [HIDDEN ACTIVITY DETECTED] [MediaWidget] Session_PlaybackInfoChanged | Working Set: 61.8 MB | Details: Skipped timer restart while hidden
2026-09-17 17:45:14.498 [HIDDEN ACTIVITY DETECTED] [MediaWidget] Session_PlaybackInfoChanged | Working Set: 61.9 MB | Details: Skipped timer restart while hidden
2026-09-17 17:45:14.504 [HIDDEN ACTIVITY DETECTED] [MediaWidget] Session_PlaybackInfoChanged | Working Set: 62.1 MB | Details: Skipped timer restart while hidden
2026-09-17 17:45:14.508 [HIDDEN ACTIVITY DETECTED] [MediaWidget] Session_PlaybackInfoChanged | Working Set: 62.6 MB | Details: Skipped timer restart while hidden
2026-09-17 17:45:14.518 [HIDDEN ACTIVITY DETECTED] [MediaWidget] Session_PlaybackInfoChanged | Working Set: 62.8 MB | Details: Skipped timer restart while hidden
2026-09-17 17:45:14.523 [HIDDEN ACTIVITY DETECTED] [MediaWidget] Session_MediaPropertiesChanged | Working Set: 63.0 MB | Details: Deferred until Hub shown
2026-09-17 17:45:14.528 [HIDDEN ACTIVITY DETECTED] [MediaWidget] Session_MediaPropertiesChanged | Working Set: 63.0 MB | Details: Deferred until Hub shown
2026-09-17 17:45:14.532 [HIDDEN ACTIVITY DETECTED] [MediaWidget] Session_MediaPropertiesChanged | Working Set: 63.0 MB | Details: Deferred until Hub shown
2026-09-17 17:45:14.536 [HIDDEN ACTIVITY DETECTED] [MediaWidget] Session_PlaybackInfoChanged | Working Set: 63.0 MB | Details: Skipped timer restart while hidden
2026-09-17 17:45:14.540 [HIDDEN ACTIVITY DETECTED] [MediaWidget] Session_PlaybackInfoChanged | Working Set: 63.0 MB | Details: Skipped timer restart while hidden
2026-09-17 17:45:15.796 [TRANSITION] MetroHub is now SHOWN (Foreground Active) | Working Set: 74.4 MB
2026-09-17 17:45:27.023 [TRANSITION] MetroHub is now HIDDEN (Background Dormant) | Working Set: 109.5 MB
2026-09-17 17:45:27.905 [HIDDEN ACTIVITY DETECTED] [MediaWidget] Session_PlaybackInfoChanged | Working Set: 38.5 MB | Details: Skipped timer restart while hidden
2026-09-17 17:45:27.914 [HIDDEN ACTIVITY DETECTED] [MediaWidget] Session_PlaybackInfoChanged | Working Set: 42.4 MB | Details: Skipped timer restart while hidden
2026-09-17 17:45:37.943 [HIDDEN ACTIVITY DETECTED] [MediaWidget] Session_PlaybackInfoChanged | Working Set: 45.2 MB | Details: Skipped timer restart while hidden
2026-09-17 17:45:37.949 [HIDDEN ACTIVITY DETECTED] [MediaWidget] Session_PlaybackInfoChanged | Working Set: 45.4 MB | Details: Skipped timer restart while hidden
2026-09-17 17:49:53.040 [TRANSITION] MetroHub is now SHOWN (Foreground Active) | Working Set: 62.2 MB
2026-09-17 17:49:54.015 [TRANSITION] MetroHub is now HIDDEN (Background Dormant) | Working Set: 80.9 MB
2026-09-17 17:49:57.186 [TRANSITION] MetroHub is now SHOWN (Foreground Active) | Working Set: 58.6 MB
2026-09-17 17:51:00.042 [TRANSITION] MetroHub is now HIDDEN (Background Dormant) | Working Set: 114.8 MB
2026-09-17 17:55:43.773 [HIDDEN ACTIVITY DETECTED] [MediaWidget] Session_PlaybackInfoChanged | Working Set: 44.2 MB | Details: Skipped timer restart while hidden
2026-09-17 17:55:43.836 [HIDDEN ACTIVITY DETECTED] [MediaWidget] Session_PlaybackInfoChanged | Working Set: 44.6 MB | Details: Skipped timer restart while hidden
2026-09-17 17:55:44.732 [HIDDEN ACTIVITY DETECTED] [MediaWidget] Session_PlaybackInfoChanged | Working Set: 44.6 MB | Details: Skipped timer restart while hidden
2026-09-17 17:55:45.129 [HIDDEN ACTIVITY DETECTED] [MediaWidget] Session_PlaybackInfoChanged | Working Set: 49.0 MB | Details: Skipped timer restart while hidden
2026-09-17 17:55:45.146 [HIDDEN ACTIVITY DETECTED] [MediaWidget] Session_MediaPropertiesChanged | Working Set: 49.2 MB | Details: Deferred until Hub shown
2026-09-17 17:55:45.159 [HIDDEN ACTIVITY DETECTED] [MediaWidget] Session_MediaPropertiesChanged | Working Set: 49.2 MB | Details: Deferred until Hub shown
2026-09-17 17:55:45.163 [HIDDEN ACTIVITY DETECTED] [MediaWidget] Session_MediaPropertiesChanged | Working Set: 49.2 MB | Details: Deferred until Hub shown
2026-09-17 17:55:46.477 [HIDDEN ACTIVITY DETECTED] [MediaWidget] Session_MediaPropertiesChanged | Working Set: 49.5 MB | Details: Deferred until Hub shown
2026-09-17 17:55:46.486 [HIDDEN ACTIVITY DETECTED] [MediaWidget] Session_MediaPropertiesChanged | Working Set: 49.8 MB | Details: Deferred until Hub shown
2026-09-17 17:59:30.539 [HIDDEN ACTIVITY DETECTED] [MediaWidget] Session_PlaybackInfoChanged | Working Set: 50.6 MB | Details: Skipped timer restart while hidden
2026-09-17 17:59:30.543 [HIDDEN ACTIVITY DETECTED] [MediaWidget] Session_PlaybackInfoChanged | Working Set: 50.6 MB | Details: Skipped timer restart while hidden
2026-09-17 17:59:31.643 [HIDDEN ACTIVITY DETECTED] [MediaWidget] Session_PlaybackInfoChanged | Working Set: 50.6 MB | Details: Skipped timer restart while hidden
2026-09-17 17:59:32.039 [HIDDEN ACTIVITY DETECTED] [MediaWidget] Session_PlaybackInfoChanged | Working Set: 50.6 MB | Details: Skipped timer restart while hidden
2026-09-17 17:59:32.046 [HIDDEN ACTIVITY DETECTED] [MediaWidget] Session_MediaPropertiesChanged | Working Set: 50.6 MB | Details: Deferred until Hub shown
2026-09-17 17:59:32.067 [HIDDEN ACTIVITY DETECTED] [MediaWidget] Session_MediaPropertiesChanged | Working Set: 50.6 MB | Details: Deferred until Hub shown
2026-09-17 17:59:32.077 [HIDDEN ACTIVITY DETECTED] [MediaWidget] Session_MediaPropertiesChanged | Working Set: 50.7 MB | Details: Deferred until Hub shown
2026-09-17 17:59:32.854 [HIDDEN ACTIVITY DETECTED] [MediaWidget] Session_MediaPropertiesChanged | Working Set: 50.8 MB | Details: Deferred until Hub shown
2026-09-17 17:59:32.858 [HIDDEN ACTIVITY DETECTED] [MediaWidget] Session_MediaPropertiesChanged | Working Set: 50.8 MB | Details: Deferred until Hub shown
2026-09-17 18:00:57.080 [TRANSITION] MetroHub is now SHOWN (Foreground Active) | Working Set: 196.6 MB
2026-09-17 18:01:09.566 [TRANSITION] MetroHub is now HIDDEN (Background Dormant) | Working Set: 234.0 MB
2026-09-17 18:01:12.928 [TRANSITION] MetroHub is now SHOWN (Foreground Active) | Working Set: 92.3 MB
2026-09-17 18:01:33.333 [TRANSITION] MetroHub is now HIDDEN (Background Dormant) | Working Set: 163.9 MB
2026-09-17 18:01:35.927 [TRANSITION] MetroHub is now SHOWN (Foreground Active) | Working Set: 61.7 MB
2026-09-17 18:01:52.312 [TRANSITION] MetroHub is now HIDDEN (Background Dormant) | Working Set: 85.6 MB
2026-09-17 18:02:43.584 [TRANSITION] MetroHub is now SHOWN (Foreground Active) | Working Set: 59.8 MB
2026-09-17 18:02:58.582 [TRANSITION] MetroHub is now HIDDEN (Background Dormant) | Working Set: 98.8 MB
2026-09-17 18:03:55.268 [TRANSITION] MetroHub is now SHOWN (Foreground Active) | Working Set: 59.3 MB
2026-09-17 18:03:59.861 [TRANSITION] MetroHub is now HIDDEN (Background Dormant) | Working Set: 91.2 MB
2026-09-17 18:04:02.425 [TRANSITION] MetroHub is now SHOWN (Foreground Active) | Working Set: 61.4 MB
2026-09-17 18:04:40.427 [TRANSITION] MetroHub is now HIDDEN (Background Dormant) | Working Set: 106.2 MB
2026-09-17 18:04:50.856 [TRANSITION] MetroHub is now SHOWN (Foreground Active) | Working Set: 59.6 MB
2026-09-17 18:04:52.518 [TRANSITION] MetroHub is now HIDDEN (Background Dormant) | Working Set: 79.2 MB
2026-09-17 18:05:31.513 [TRANSITION] MetroHub is now SHOWN (Foreground Active) | Working Set: 60.3 MB
2026-09-17 18:05:33.109 [TRANSITION] MetroHub is now HIDDEN (Background Dormant) | Working Set: 80.0 MB
2026-09-17 18:05:39.278 [TRANSITION] MetroHub is now SHOWN (Foreground Active) | Working Set: 55.8 MB
2026-09-17 18:05:43.469 [TRANSITION] MetroHub is now HIDDEN (Background Dormant) | Working Set: 82.5 MB
2026-09-17 18:06:18.077 [HIDDEN ACTIVITY DETECTED] [MediaWidget] Session_PlaybackInfoChanged | Working Set: 51.1 MB | Details: Skipped timer restart while hidden
2026-09-17 18:06:18.081 [HIDDEN ACTIVITY DETECTED] [MediaWidget] Session_PlaybackInfoChanged | Working Set: 51.9 MB | Details: Skipped timer restart while hidden
2026-09-17 18:06:19.194 [HIDDEN ACTIVITY DETECTED] [MediaWidget] Session_PlaybackInfoChanged | Working Set: 53.4 MB | Details: Skipped timer restart while hidden
2026-09-17 18:06:20.574 [HIDDEN ACTIVITY DETECTED] [MediaWidget] Session_PlaybackInfoChanged | Working Set: 54.5 MB | Details: Skipped timer restart while hidden
2026-09-17 18:06:20.583 [HIDDEN ACTIVITY DETECTED] [MediaWidget] Session_MediaPropertiesChanged | Working Set: 54.6 MB | Details: Deferred until Hub shown
2026-09-17 18:06:20.598 [HIDDEN ACTIVITY DETECTED] [MediaWidget] Session_MediaPropertiesChanged | Working Set: 54.7 MB | Details: Deferred until Hub shown
2026-09-17 18:06:20.601 [HIDDEN ACTIVITY DETECTED] [MediaWidget] Session_MediaPropertiesChanged | Working Set: 54.9 MB | Details: Deferred until Hub shown
2026-09-17 18:06:21.343 [HIDDEN ACTIVITY DETECTED] [MediaWidget] Session_MediaPropertiesChanged | Working Set: 55.0 MB | Details: Deferred until Hub shown
2026-09-17 18:06:21.350 [HIDDEN ACTIVITY DETECTED] [MediaWidget] Session_MediaPropertiesChanged | Working Set: 56.2 MB | Details: Deferred until Hub shown
2026-09-17 18:06:32.903 [TRANSITION] MetroHub is now SHOWN (Foreground Active) | Working Set: 68.6 MB
2026-09-17 18:06:36.104 [TRANSITION] MetroHub is now HIDDEN (Background Dormant) | Working Set: 114.6 MB
2026-09-17 18:07:39.170 [TRANSITION] MetroHub is now SHOWN (Foreground Active) | Working Set: 55.9 MB
2026-09-17 18:07:40.979 [TRANSITION] MetroHub is now HIDDEN (Background Dormant) | Working Set: 70.4 MB
2026-09-17 18:08:16.951 [TRANSITION] MetroHub is now SHOWN (Foreground Active) | Working Set: 46.0 MB
2026-09-17 18:08:26.546 [TRANSITION] MetroHub is now HIDDEN (Background Dormant) | Working Set: 125.6 MB
2026-09-17 18:08:27.341 [TRANSITION] MetroHub is now SHOWN (Foreground Active) | Working Set: 45.4 MB
2026-09-17 18:08:28.366 [TRANSITION] MetroHub is now HIDDEN (Background Dormant) | Working Set: 55.9 MB
2026-09-17 18:09:30.408 [TRANSITION] MetroHub is now SHOWN (Foreground Active) | Working Set: 57.9 MB
2026-09-17 18:09:31.585 [TRANSITION] MetroHub is now HIDDEN (Background Dormant) | Working Set: 73.0 MB
2026-09-17 18:09:58.397 [TRANSITION] MetroHub is now SHOWN (Foreground Active) | Working Set: 52.4 MB
2026-09-17 18:10:00.774 [TRANSITION] MetroHub is now HIDDEN (Background Dormant) | Working Set: 94.2 MB
2026-09-17 18:10:04.151 [TRANSITION] MetroHub is now SHOWN (Foreground Active) | Working Set: 49.4 MB
2026-09-17 18:10:05.623 [TRANSITION] MetroHub is now HIDDEN (Background Dormant) | Working Set: 86.3 MB
2026-09-17 18:10:15.663 [TRANSITION] MetroHub is now SHOWN (Foreground Active) | Working Set: 50.0 MB
2026-09-17 18:10:16.062 [TRANSITION] MetroHub is now HIDDEN (Background Dormant) | Working Set: 59.1 MB
2026-09-17 18:10:19.791 [TRANSITION] MetroHub is now SHOWN (Foreground Active) | Working Set: 45.3 MB
2026-09-17 18:10:25.534 [TRANSITION] MetroHub is now HIDDEN (Background Dormant) | Working Set: 105.8 MB
2026-09-17 18:10:39.162 [TRANSITION] MetroHub is now SHOWN (Foreground Active) | Working Set: 165.4 MB
2026-09-17 18:10:39.786 [TRANSITION] MetroHub is now HIDDEN (Background Dormant) | Working Set: 171.8 MB
2026-09-17 18:11:22.839 [TRANSITION] MetroHub is now SHOWN (Foreground Active) | Working Set: 137.4 MB
2026-09-17 18:11:28.326 [TRANSITION] MetroHub is now HIDDEN (Background Dormant) | Working Set: 168.6 MB
2026-09-17 18:11:28.910 [TRANSITION] MetroHub is now SHOWN (Foreground Active) | Working Set: 45.3 MB
2026-09-17 18:11:30.559 [TRANSITION] MetroHub is now HIDDEN (Background Dormant) | Working Set: 56.3 MB
2026-09-17 18:12:07.711 [TRANSITION] MetroHub is now SHOWN (Foreground Active) | Working Set: 47.5 MB
2026-09-17 18:12:15.048 [TRANSITION] MetroHub is now HIDDEN (Background Dormant) | Working Set: 114.3 MB
2026-09-17 18:12:18.401 [TRANSITION] MetroHub is now SHOWN (Foreground Active) | Working Set: 47.1 MB
2026-09-17 18:12:19.950 [TRANSITION] MetroHub is now HIDDEN (Background Dormant) | Working Set: 59.1 MB
2026-09-17 18:12:21.520 [TRANSITION] MetroHub is now SHOWN (Foreground Active) | Working Set: 43.1 MB
2026-09-17 18:12:21.914 [TRANSITION] MetroHub is now HIDDEN (Background Dormant) | Working Set: 54.3 MB
2026-09-17 18:13:04.366 [TRANSITION] MetroHub is now SHOWN (Foreground Active) | Working Set: 46.8 MB
2026-09-17 18:13:13.934 [TRANSITION] MetroHub is now HIDDEN (Background Dormant) | Working Set: 125.6 MB
2026-09-17 18:13:18.887 [TRANSITION] MetroHub is now SHOWN (Foreground Active) | Working Set: 180.5 MB
2026-09-17 18:13:20.360 [TRANSITION] MetroHub is now HIDDEN (Background Dormant) | Working Set: 213.5 MB
2026-09-17 18:13:30.803 [TRANSITION] MetroHub is now SHOWN (Foreground Active) | Working Set: 117.8 MB
2026-09-17 18:13:31.372 [TRANSITION] MetroHub is now HIDDEN (Background Dormant) | Working Set: 124.5 MB
2026-09-17 18:14:37.525 [TRANSITION] MetroHub is now SHOWN (Foreground Active) | Working Set: 55.8 MB
2026-09-17 18:14:45.542 [TRANSITION] MetroHub is now HIDDEN (Background Dormant) | Working Set: 126.2 MB
2026-09-17 18:14:51.497 [TRANSITION] MetroHub is now SHOWN (Foreground Active) | Working Set: 180.9 MB
2026-09-17 18:14:53.497 [TRANSITION] MetroHub is now HIDDEN (Background Dormant) | Working Set: 212.1 MB
2026-09-17 18:14:54.785 [TRANSITION] MetroHub is now SHOWN (Foreground Active) | Working Set: 101.6 MB
2026-09-17 18:14:55.103 [TRANSITION] MetroHub is now HIDDEN (Background Dormant) | Working Set: 115.7 MB
2026-09-17 18:15:05.784 [TRANSITION] MetroHub is now SHOWN (Foreground Active) | Working Set: 113.8 MB
2026-09-17 18:15:07.456 [TRANSITION] MetroHub is now HIDDEN (Background Dormant) | Working Set: 129.2 MB
2026-09-17 18:15:20.730 [HIDDEN ACTIVITY DETECTED] [MediaWidget] Session_PlaybackInfoChanged | Working Set: 53.3 MB | Details: Skipped timer restart while hidden
2026-09-17 18:15:20.733 [HIDDEN ACTIVITY DETECTED] [MediaWidget] Session_PlaybackInfoChanged | Working Set: 53.9 MB | Details: Skipped timer restart while hidden
2026-09-17 18:15:20.834 [HIDDEN ACTIVITY DETECTED] [MediaWidget] Session_PlaybackInfoChanged | Working Set: 53.9 MB | Details: Skipped timer restart while hidden
2026-09-17 18:15:21.124 [HIDDEN ACTIVITY DETECTED] [MediaWidget] Session_MediaPropertiesChanged | Working Set: 54.3 MB | Details: Deferred until Hub shown
2026-09-17 18:15:21.130 [HIDDEN ACTIVITY DETECTED] [MediaWidget] Session_PlaybackInfoChanged | Working Set: 54.4 MB | Details: Skipped timer restart while hidden
2026-09-17 18:15:21.146 [HIDDEN ACTIVITY DETECTED] [MediaWidget] Session_MediaPropertiesChanged | Working Set: 54.4 MB | Details: Deferred until Hub shown
2026-09-17 18:15:21.149 [HIDDEN ACTIVITY DETECTED] [MediaWidget] Session_MediaPropertiesChanged | Working Set: 54.4 MB | Details: Deferred until Hub shown
2026-09-17 18:15:21.935 [HIDDEN ACTIVITY DETECTED] [MediaWidget] Session_MediaPropertiesChanged | Working Set: 55.3 MB | Details: Deferred until Hub shown
2026-09-17 18:15:21.939 [HIDDEN ACTIVITY DETECTED] [MediaWidget] Session_MediaPropertiesChanged | Working Set: 55.6 MB | Details: Deferred until Hub shown
2026-09-17 18:16:11.907 [TRANSITION] MetroHub is now SHOWN (Foreground Active) | Working Set: 63.8 MB
2026-09-17 18:16:20.113 [TRANSITION] MetroHub is now HIDDEN (Background Dormant) | Working Set: 105.5 MB
2026-09-17 18:17:39.382 [TRANSITION] MetroHub is now SHOWN (Foreground Active) | Working Set: 51.1 MB
2026-09-17 18:17:52.176 [TRANSITION] MetroHub is now HIDDEN (Background Dormant) | Working Set: 122.6 MB
2026-09-17 18:17:58.333 [TRANSITION] MetroHub is now SHOWN (Foreground Active) | Working Set: 185.0 MB
2026-09-17 18:17:59.302 [TRANSITION] MetroHub is now HIDDEN (Background Dormant) | Working Set: 212.1 MB
2026-09-17 18:17:59.934 [TRANSITION] MetroHub is now SHOWN (Foreground Active) | Working Set: 215.9 MB
2026-09-17 18:18:00.254 [TRANSITION] MetroHub is now HIDDEN (Background Dormant) | Working Set: 57.8 MB
2026-09-17 18:18:05.751 [TRANSITION] MetroHub is now SHOWN (Foreground Active) | Working Set: 113.5 MB
2026-09-17 18:18:06.070 [TRANSITION] MetroHub is now HIDDEN (Background Dormant) | Working Set: 124.0 MB
2026-09-17 18:19:02.595 [TRANSITION] MetroHub is now SHOWN (Foreground Active) | Working Set: 64.8 MB
2026-09-17 18:19:05.031 [TRANSITION] MetroHub is now HIDDEN (Background Dormant) | Working Set: 86.4 MB
2026-09-17 18:19:05.665 [TRANSITION] MetroHub is now SHOWN (Foreground Active) | Working Set: 53.0 MB
2026-09-17 18:19:06.375 [TRANSITION] MetroHub is now HIDDEN (Background Dormant) | Working Set: 69.0 MB
2026-09-17 18:19:43.798 [HIDDEN ACTIVITY DETECTED] [MediaWidget] Session_PlaybackInfoChanged | Working Set: 48.8 MB | Details: Skipped timer restart while hidden
2026-09-17 18:19:43.806 [HIDDEN ACTIVITY DETECTED] [MediaWidget] Session_PlaybackInfoChanged | Working Set: 49.6 MB | Details: Skipped timer restart while hidden
2026-09-17 18:22:08.578 [TRANSITION] MetroHub is now SHOWN (Foreground Active) | Working Set: 58.5 MB
2026-09-17 18:22:09.835 [TRANSITION] MetroHub is now HIDDEN (Background Dormant) | Working Set: 77.7 MB
2026-09-17 18:24:08.770 [TRANSITION] MetroHub is now SHOWN (Foreground Active) | Working Set: 59.0 MB
2026-09-17 18:24:09.785 [TRANSITION] MetroHub is now HIDDEN (Background Dormant) | Working Set: 77.9 MB
2026-09-17 18:24:10.164 [TRANSITION] MetroHub is now SHOWN (Foreground Active) | Working Set: 46.2 MB
2026-09-17 18:24:12.473 [TRANSITION] MetroHub is now HIDDEN (Background Dormant) | Working Set: 98.8 MB
2026-09-17 18:25:12.343 [TRANSITION] MetroHub is now SHOWN (Foreground Active) | Working Set: 78.3 MB
2026-09-17 18:25:34.712 [TRANSITION] MetroHub is now HIDDEN (Background Dormant) | Working Set: 122.4 MB
2026-09-17 18:26:10.567 [TRANSITION] MetroHub is now SHOWN (Foreground Active) | Working Set: 52.1 MB
2026-09-17 18:26:16.170 [TRANSITION] MetroHub is now HIDDEN (Background Dormant) | Working Set: 92.2 MB
2026-09-17 18:27:12.499 [TRANSITION] MetroHub is now SHOWN (Foreground Active) | Working Set: 53.0 MB
2026-09-17 18:27:14.503 [TRANSITION] MetroHub is now HIDDEN (Background Dormant) | Working Set: 69.7 MB
2026-09-17 18:31:55.048 [TRANSITION] MetroHub is now SHOWN (Foreground Active) | Working Set: 190.9 MB
2026-09-17 18:31:56.716 [TRANSITION] MetroHub is now HIDDEN (Background Dormant) | Working Set: 208.1 MB
2026-09-17 18:31:58.818 [TRANSITION] MetroHub is now SHOWN (Foreground Active) | Working Set: 208.4 MB
2026-09-17 18:32:13.571 [TRANSITION] MetroHub is now HIDDEN (Background Dormant) | Working Set: 241.6 MB
2026-09-17 18:32:19.751 [TRANSITION] MetroHub is now SHOWN (Foreground Active) | Working Set: 236.1 MB
2026-09-17 18:32:20.040 [TRANSITION] MetroHub is now HIDDEN (Background Dormant) | Working Set: 235.8 MB
2026-09-17 18:32:44.930 [TRANSITION] MetroHub is now SHOWN (Foreground Active) | Working Set: 234.9 MB
2026-09-17 18:32:45.681 [TRANSITION] MetroHub is now HIDDEN (Background Dormant) | Working Set: 236.1 MB
2026-09-17 18:32:46.065 [TRANSITION] MetroHub is now SHOWN (Foreground Active) | Working Set: 236.2 MB
2026-09-17 18:32:46.747 [TRANSITION] MetroHub is now HIDDEN (Background Dormant) | Working Set: 238.2 MB
2026-09-17 18:32:47.301 [TRANSITION] MetroHub is now SHOWN (Foreground Active) | Working Set: 238.3 MB
2026-09-17 18:32:48.706 [TRANSITION] MetroHub is now HIDDEN (Background Dormant) | Working Set: 238.4 MB
2026-09-17 18:32:51.391 [TRANSITION] MetroHub is now SHOWN (Foreground Active) | Working Set: 235.9 MB
2026-09-17 18:32:51.761 [TRANSITION] MetroHub is now HIDDEN (Background Dormant) | Working Set: 236.0 MB
2026-09-17 18:32:53.164 [TRANSITION] MetroHub is now SHOWN (Foreground Active) | Working Set: 236.3 MB
2026-09-17 18:33:02.874 [TRANSITION] MetroHub is now HIDDEN (Background Dormant) | Working Set: 249.5 MB
2026-09-17 18:33:08.458 [TRANSITION] MetroHub is now SHOWN (Foreground Active) | Working Set: 249.6 MB
2026-09-17 18:33:21.530 [TRANSITION] MetroHub is now HIDDEN (Background Dormant) | Working Set: 267.1 MB
2026-09-17 18:33:56.752 [TRANSITION] MetroHub is now SHOWN (Foreground Active) | Working Set: 257.2 MB
2026-09-17 18:34:00.428 [TRANSITION] MetroHub is now HIDDEN (Background Dormant) | Working Set: 70.2 MB
2026-09-17 18:34:31.992 [TRANSITION] MetroHub is now SHOWN (Foreground Active) | Working Set: 202.4 MB
2026-09-17 18:34:33.854 [TRANSITION] MetroHub is now HIDDEN (Background Dormant) | Working Set: 221.2 MB
2026-09-17 18:34:38.188 [TRANSITION] MetroHub is now SHOWN (Foreground Active) | Working Set: 134.3 MB
2026-09-17 18:34:41.452 [TRANSITION] MetroHub is now HIDDEN (Background Dormant) | Working Set: 174.6 MB
2026-09-17 18:34:42.236 [TRANSITION] MetroHub is now SHOWN (Foreground Active) | Working Set: 81.9 MB
2026-09-17 18:34:43.021 [TRANSITION] MetroHub is now HIDDEN (Background Dormant) | Working Set: 100.3 MB
2026-09-17 18:34:43.492 [TRANSITION] MetroHub is now SHOWN (Foreground Active) | Working Set: 72.5 MB
2026-09-17 18:34:44.005 [TRANSITION] MetroHub is now HIDDEN (Background Dormant) | Working Set: 87.3 MB
2026-09-17 18:34:44.892 [TRANSITION] MetroHub is now SHOWN (Foreground Active) | Working Set: 61.5 MB
2026-09-17 18:34:46.822 [TRANSITION] MetroHub is now HIDDEN (Background Dormant) | Working Set: 82.8 MB
2026-09-17 18:34:48.546 [TRANSITION] MetroHub is now SHOWN (Foreground Active) | Working Set: 55.8 MB
2026-09-17 18:34:50.036 [TRANSITION] MetroHub is now HIDDEN (Background Dormant) | Working Set: 82.2 MB
2026-09-17 18:41:35.393 [TRANSITION] MetroHub is now SHOWN (Foreground Active) | Working Set: 196.8 MB
2026-09-17 18:41:37.339 [TRANSITION] MetroHub is now HIDDEN (Background Dormant) | Working Set: 236.9 MB
2026-09-17 18:41:53.540 [TRANSITION] MetroHub is now SHOWN (Foreground Active) | Working Set: 139.1 MB
2026-09-17 18:41:54.388 [TRANSITION] MetroHub is now HIDDEN (Background Dormant) | Working Set: 151.1 MB
2026-09-17 18:43:10.094 [TRANSITION] MetroHub is now SHOWN (Foreground Active) | Working Set: 71.4 MB
2026-09-17 18:43:11.589 [TRANSITION] MetroHub is now HIDDEN (Background Dormant) | Working Set: 99.3 MB
2026-09-17 18:45:25.455 [TRANSITION] MetroHub is now SHOWN (Foreground Active) | Working Set: 196.4 MB
2026-09-17 18:45:27.717 [TRANSITION] MetroHub is now HIDDEN (Background Dormant) | Working Set: 224.4 MB
2026-09-17 18:45:56.659 [TRANSITION] MetroHub is now SHOWN (Foreground Active) | Working Set: 198.8 MB
2026-09-17 18:45:57.675 [TRANSITION] MetroHub is now HIDDEN (Background Dormant) | Working Set: 227.7 MB
2026-09-17 18:46:07.358 [TRANSITION] MetroHub is now SHOWN (Foreground Active) | Working Set: 114.4 MB
2026-09-17 18:46:10.035 [TRANSITION] MetroHub is now HIDDEN (Background Dormant) | Working Set: 137.7 MB
2026-09-17 18:46:28.499 [TRANSITION] MetroHub is now SHOWN (Foreground Active) | Working Set: 82.5 MB
2026-09-17 18:46:29.150 [TRANSITION] MetroHub is now HIDDEN (Background Dormant) | Working Set: 97.9 MB
2026-09-17 18:46:29.847 [TRANSITION] MetroHub is now SHOWN (Foreground Active) | Working Set: 66.1 MB
2026-09-17 18:46:38.180 [TRANSITION] MetroHub is now HIDDEN (Background Dormant) | Working Set: 125.1 MB
2026-09-17 18:46:38.906 [TRANSITION] MetroHub is now SHOWN (Foreground Active) | Working Set: 65.1 MB
2026-09-17 18:46:39.740 [TRANSITION] MetroHub is now HIDDEN (Background Dormant) | Working Set: 83.5 MB
2026-09-17 18:47:39.449 [TRANSITION] MetroHub is now SHOWN (Foreground Active) | Working Set: 66.4 MB
2026-09-17 18:47:41.280 [TRANSITION] MetroHub is now HIDDEN (Background Dormant) | Working Set: 87.2 MB
2026-09-17 18:47:48.682 [TRANSITION] MetroHub is now SHOWN (Foreground Active) | Working Set: 61.2 MB
2026-09-17 18:47:50.179 [TRANSITION] MetroHub is now HIDDEN (Background Dormant) | Working Set: 83.3 MB
2026-09-17 18:49:00.815 [TRANSITION] MetroHub is now SHOWN (Foreground Active) | Working Set: 64.1 MB
2026-09-17 18:49:02.271 [TRANSITION] MetroHub is now HIDDEN (Background Dormant) | Working Set: 82.0 MB
2026-09-17 19:26:54.640 [TRANSITION] MetroHub is now SHOWN (Foreground Active) | Working Set: 196.5 MB
2026-09-17 19:26:59.719 [TRANSITION] MetroHub is now HIDDEN (Background Dormant) | Working Set: 228.0 MB
2026-09-17 19:27:01.272 [TRANSITION] MetroHub is now SHOWN (Foreground Active) | Working Set: 230.3 MB
2026-09-17 19:27:02.097 [TRANSITION] MetroHub is now HIDDEN (Background Dormant) | Working Set: 231.1 MB
2026-09-17 19:27:03.771 [TRANSITION] MetroHub is now SHOWN (Foreground Active) | Working Set: 228.3 MB
2026-09-17 19:27:04.524 [TRANSITION] MetroHub is now HIDDEN (Background Dormant) | Working Set: 229.8 MB
2026-09-17 19:27:04.531 [HIDDEN ACTIVITY DETECTED] [ThroughputService] OnThroughputTick | Working Set: 230.1 MB | Details: Skipped tick (properly paused)
2026-09-17 19:27:05.093 [TRANSITION] MetroHub is now SHOWN (Foreground Active) | Working Set: 244.8 MB
2026-09-17 19:27:05.578 [TRANSITION] MetroHub is now HIDDEN (Background Dormant) | Working Set: 240.4 MB
2026-09-17 19:27:06.609 [TRANSITION] MetroHub is now SHOWN (Foreground Active) | Working Set: 240.5 MB
2026-09-17 19:27:07.025 [TRANSITION] MetroHub is now HIDDEN (Background Dormant) | Working Set: 240.5 MB
2026-09-17 19:27:07.809 [TRANSITION] MetroHub is now SHOWN (Foreground Active) | Working Set: 241.3 MB
2026-09-17 19:27:08.274 [TRANSITION] MetroHub is now HIDDEN (Background Dormant) | Working Set: 246.3 MB
2026-09-17 19:27:09.053 [TRANSITION] MetroHub is now SHOWN (Foreground Active) | Working Set: 249.2 MB
2026-09-17 19:27:09.466 [TRANSITION] MetroHub is now HIDDEN (Background Dormant) | Working Set: 249.7 MB
2026-09-17 19:27:34.864 [TRANSITION] MetroHub is now SHOWN (Foreground Active) | Working Set: 237.4 MB
2026-09-17 19:27:38.411 [TRANSITION] MetroHub is now HIDDEN (Background Dormant) | Working Set: 248.8 MB
2026-09-17 19:27:39.153 [TRANSITION] MetroHub is now SHOWN (Foreground Active) | Working Set: 248.9 MB
2026-09-17 19:27:45.325 [TRANSITION] MetroHub is now HIDDEN (Background Dormant) | Working Set: 252.5 MB
2026-09-17 19:27:46.032 [TRANSITION] MetroHub is now SHOWN (Foreground Active) | Working Set: 252.6 MB
2026-09-17 19:27:46.867 [TRANSITION] MetroHub is now HIDDEN (Background Dormant) | Working Set: 252.6 MB
2026-09-17 19:27:47.726 [TRANSITION] MetroHub is now SHOWN (Foreground Active) | Working Set: 250.7 MB
2026-09-17 19:27:48.651 [TRANSITION] MetroHub is now HIDDEN (Background Dormant) | Working Set: 250.7 MB
2026-09-17 19:28:56.862 [TRANSITION] MetroHub is now SHOWN (Foreground Active) | Working Set: 247.3 MB
2026-09-17 19:28:57.885 [TRANSITION] MetroHub is now HIDDEN (Background Dormant) | Working Set: 247.5 MB
2026-09-17 19:29:08.279 [TRANSITION] MetroHub is now SHOWN (Foreground Active) | Working Set: 247.8 MB
2026-09-17 19:29:13.725 [TRANSITION] MetroHub is now HIDDEN (Background Dormant) | Working Set: 249.2 MB
2026-09-17 19:29:14.761 [TRANSITION] MetroHub is now SHOWN (Foreground Active) | Working Set: 249.7 MB
2026-09-17 19:29:16.266 [TRANSITION] MetroHub is now HIDDEN (Background Dormant) | Working Set: 249.8 MB
2026-09-17 19:29:47.822 [TRANSITION] MetroHub is now SHOWN (Foreground Active) | Working Set: 247.6 MB
2026-09-17 19:29:56.319 [TRANSITION] MetroHub is now HIDDEN (Background Dormant) | Working Set: 254.1 MB
2026-09-17 19:30:03.552 [TRANSITION] MetroHub is now SHOWN (Foreground Active) | Working Set: 254.1 MB
2026-09-17 19:30:07.888 [TRANSITION] MetroHub is now HIDDEN (Background Dormant) | Working Set: 253.2 MB
2026-09-17 19:35:20.489 [TRANSITION] MetroHub is now SHOWN (Foreground Active) | Working Set: 165.3 MB
2026-09-17 19:35:20.550 [TRANSITION] MetroHub is now HIDDEN (Background Dormant) | Working Set: 167.5 MB
2026-09-17 19:35:36.900 [TRANSITION] MetroHub is now SHOWN (Foreground Active) | Working Set: 165.3 MB
2026-09-17 19:35:39.535 [TRANSITION] MetroHub is now HIDDEN (Background Dormant) | Working Set: 199.1 MB
2026-09-17 19:35:53.757 [TRANSITION] MetroHub is now SHOWN (Foreground Active) | Working Set: 206.1 MB
2026-09-17 19:35:54.458 [TRANSITION] MetroHub is now HIDDEN (Background Dormant) | Working Set: 208.9 MB
2026-09-17 19:35:54.951 [TRANSITION] MetroHub is now SHOWN (Foreground Active) | Working Set: 209.1 MB
2026-09-17 19:35:55.410 [TRANSITION] MetroHub is now HIDDEN (Background Dormant) | Working Set: 209.5 MB
2026-09-17 19:35:55.902 [TRANSITION] MetroHub is now SHOWN (Foreground Active) | Working Set: 209.6 MB
2026-09-17 19:35:59.086 [TRANSITION] MetroHub is now HIDDEN (Background Dormant) | Working Set: 225.0 MB
2026-09-17 19:35:59.651 [TRANSITION] MetroHub is now SHOWN (Foreground Active) | Working Set: 225.0 MB
2026-09-17 19:36:00.042 [TRANSITION] MetroHub is now HIDDEN (Background Dormant) | Working Set: 225.1 MB
2026-09-17 19:36:08.091 [TRANSITION] MetroHub is now SHOWN (Foreground Active) | Working Set: 215.9 MB
2026-09-17 19:36:40.748 [TRANSITION] MetroHub is now HIDDEN (Background Dormant) | Working Set: 265.5 MB
2026-09-17 19:36:41.324 [TRANSITION] MetroHub is now SHOWN (Foreground Active) | Working Set: 265.5 MB
2026-09-17 19:36:41.644 [TRANSITION] MetroHub is now HIDDEN (Background Dormant) | Working Set: 265.4 MB
2026-09-17 19:36:57.805 [TRANSITION] MetroHub is now SHOWN (Foreground Active) | Working Set: 262.0 MB
2026-09-17 19:36:58.061 [TRANSITION] MetroHub is now HIDDEN (Background Dormant) | Working Set: 262.5 MB
2026-09-17 19:36:59.106 [TRANSITION] MetroHub is now SHOWN (Foreground Active) | Working Set: 264.6 MB
2026-09-17 19:36:59.302 [TRANSITION] MetroHub is now HIDDEN (Background Dormant) | Working Set: 265.1 MB
2026-09-17 19:51:15.053 [TRANSITION] MetroHub is now SHOWN (Foreground Active) | Working Set: 72.4 MB
2026-09-17 19:51:17.818 [TRANSITION] MetroHub is now HIDDEN (Background Dormant) | Working Set: 102.7 MB
2026-09-17 19:51:18.439 [TRANSITION] MetroHub is now SHOWN (Foreground Active) | Working Set: 103.8 MB
2026-09-17 19:51:19.016 [TRANSITION] MetroHub is now HIDDEN (Background Dormant) | Working Set: 107.0 MB
2026-09-17 19:51:20.366 [TRANSITION] MetroHub is now SHOWN (Foreground Active) | Working Set: 108.5 MB
2026-09-17 19:51:20.864 [TRANSITION] MetroHub is now HIDDEN (Background Dormant) | Working Set: 110.4 MB
2026-09-17 19:51:21.360 [TRANSITION] MetroHub is now SHOWN (Foreground Active) | Working Set: 111.0 MB
2026-09-17 19:51:22.146 [TRANSITION] MetroHub is now HIDDEN (Background Dormant) | Working Set: 112.8 MB
2026-09-17 19:51:22.720 [TRANSITION] MetroHub is now SHOWN (Foreground Active) | Working Set: 113.5 MB
2026-09-17 19:51:23.633 [TRANSITION] MetroHub is now HIDDEN (Background Dormant) | Working Set: 114.9 MB
2026-09-17 19:51:24.137 [TRANSITION] MetroHub is now SHOWN (Foreground Active) | Working Set: 115.7 MB
2026-09-17 19:51:24.801 [TRANSITION] MetroHub is now HIDDEN (Background Dormant) | Working Set: 116.9 MB
2026-09-17 19:51:25.285 [TRANSITION] MetroHub is now SHOWN (Foreground Active) | Working Set: 117.5 MB
2026-09-17 19:51:26.210 [TRANSITION] MetroHub is now HIDDEN (Background Dormant) | Working Set: 119.6 MB
2026-09-17 19:51:26.709 [TRANSITION] MetroHub is now SHOWN (Foreground Active) | Working Set: 120.8 MB
2026-09-17 19:51:31.498 [TRANSITION] MetroHub is now HIDDEN (Background Dormant) | Working Set: 128.6 MB
2026-09-17 19:51:43.520 [TRANSITION] MetroHub is now SHOWN (Foreground Active) | Working Set: 125.0 MB
2026-09-17 19:51:44.257 [TRANSITION] MetroHub is now HIDDEN (Background Dormant) | Working Set: 127.7 MB
2026-09-17 19:51:44.904 [TRANSITION] MetroHub is now SHOWN (Foreground Active) | Working Set: 128.9 MB
2026-09-17 19:51:45.537 [TRANSITION] MetroHub is now HIDDEN (Background Dormant) | Working Set: 129.0 MB
2026-09-17 19:51:46.022 [TRANSITION] MetroHub is now SHOWN (Foreground Active) | Working Set: 129.0 MB
2026-09-17 19:51:46.961 [TRANSITION] MetroHub is now HIDDEN (Background Dormant) | Working Set: 129.1 MB
2026-09-17 19:51:47.436 [TRANSITION] MetroHub is now SHOWN (Foreground Active) | Working Set: 129.6 MB
2026-09-17 19:51:47.962 [TRANSITION] MetroHub is now HIDDEN (Background Dormant) | Working Set: 130.4 MB
2026-09-17 19:51:48.868 [TRANSITION] MetroHub is now SHOWN (Foreground Active) | Working Set: 130.7 MB
2026-09-17 19:51:49.513 [TRANSITION] MetroHub is now HIDDEN (Background Dormant) | Working Set: 130.7 MB
2026-09-17 19:51:50.291 [TRANSITION] MetroHub is now SHOWN (Foreground Active) | Working Set: 130.8 MB
2026-09-17 19:52:43.171 [TRANSITION] MetroHub is now HIDDEN (Background Dormant) | Working Set: 139.0 MB
2026-09-17 19:52:43.882 [TRANSITION] MetroHub is now SHOWN (Foreground Active) | Working Set: 139.1 MB
2026-09-17 19:52:44.387 [TRANSITION] MetroHub is now HIDDEN (Background Dormant) | Working Set: 140.4 MB
2026-09-17 19:52:44.884 [TRANSITION] MetroHub is now SHOWN (Foreground Active) | Working Set: 141.7 MB
2026-09-17 19:52:45.794 [TRANSITION] MetroHub is now HIDDEN (Background Dormant) | Working Set: 141.8 MB
2026-09-17 19:53:01.289 [TRANSITION] MetroHub is now SHOWN (Foreground Active) | Working Set: 140.9 MB
2026-09-17 19:53:04.289 [TRANSITION] MetroHub is now HIDDEN (Background Dormant) | Working Set: 143.6 MB
2026-09-17 19:53:06.852 [TRANSITION] MetroHub is now SHOWN (Foreground Active) | Working Set: 141.2 MB
2026-09-17 19:53:09.461 [TRANSITION] MetroHub is now HIDDEN (Background Dormant) | Working Set: 143.1 MB
2026-09-17 19:57:07.675 [TRANSITION] MetroHub is now SHOWN (Foreground Active) | Working Set: 139.6 MB
2026-09-17 19:57:08.155 [TRANSITION] MetroHub is now HIDDEN (Background Dormant) | Working Set: 140.9 MB
2026-09-17 19:57:08.562 [TRANSITION] MetroHub is now SHOWN (Foreground Active) | Working Set: 141.9 MB
2026-09-17 19:57:09.082 [TRANSITION] MetroHub is now HIDDEN (Background Dormant) | Working Set: 142.1 MB
2026-09-17 19:57:09.903 [TRANSITION] MetroHub is now SHOWN (Foreground Active) | Working Set: 143.3 MB
2026-09-17 19:57:17.596 [TRANSITION] MetroHub is now HIDDEN (Background Dormant) | Working Set: 142.4 MB
2026-09-17 19:57:28.554 [TRANSITION] MetroHub is now SHOWN (Foreground Active) | Working Set: 141.7 MB
2026-09-17 19:57:36.972 [TRANSITION] MetroHub is now HIDDEN (Background Dormant) | Working Set: 144.9 MB
2026-09-17 19:57:38.201 [TRANSITION] MetroHub is now SHOWN (Foreground Active) | Working Set: 143.0 MB
2026-09-17 19:57:39.604 [TRANSITION] MetroHub is now HIDDEN (Background Dormant) | Working Set: 146.6 MB
2026-09-17 19:57:40.099 [TRANSITION] MetroHub is now SHOWN (Foreground Active) | Working Set: 146.7 MB
2026-09-17 19:57:40.622 [TRANSITION] MetroHub is now HIDDEN (Background Dormant) | Working Set: 146.7 MB
2026-09-17 19:57:41.677 [TRANSITION] MetroHub is now SHOWN (Foreground Active) | Working Set: 146.7 MB
2026-09-17 19:57:42.356 [TRANSITION] MetroHub is now HIDDEN (Background Dormant) | Working Set: 146.8 MB
2026-09-17 19:57:42.920 [TRANSITION] MetroHub is now SHOWN (Foreground Active) | Working Set: 146.8 MB
2026-09-17 19:57:43.364 [TRANSITION] MetroHub is now HIDDEN (Background Dormant) | Working Set: 146.8 MB
2026-09-17 19:57:43.845 [TRANSITION] MetroHub is now SHOWN (Foreground Active) | Working Set: 147.4 MB
2026-09-17 19:57:44.892 [TRANSITION] MetroHub is now HIDDEN (Background Dormant) | Working Set: 148.0 MB
2026-09-17 19:57:45.476 [TRANSITION] MetroHub is now SHOWN (Foreground Active) | Working Set: 148.0 MB
2026-09-17 19:57:48.193 [TRANSITION] MetroHub is now HIDDEN (Background Dormant) | Working Set: 150.7 MB
2026-09-17 19:57:54.561 [TRANSITION] MetroHub is now SHOWN (Foreground Active) | Working Set: 200.8 MB
2026-09-17 19:57:57.523 [TRANSITION] MetroHub is now HIDDEN (Background Dormant) | Working Set: 249.5 MB
2026-09-17 19:58:07.839 [TRANSITION] MetroHub is now SHOWN (Foreground Active) | Working Set: 255.2 MB
2026-09-17 19:58:08.557 [TRANSITION] MetroHub is now HIDDEN (Background Dormant) | Working Set: 257.0 MB
2026-09-17 19:58:09.103 [TRANSITION] MetroHub is now SHOWN (Foreground Active) | Working Set: 258.5 MB
2026-09-17 19:58:12.430 [TRANSITION] MetroHub is now HIDDEN (Background Dormant) | Working Set: 257.7 MB
2026-09-17 19:58:13.165 [TRANSITION] MetroHub is now SHOWN (Foreground Active) | Working Set: 258.1 MB
2026-09-17 19:58:13.678 [TRANSITION] MetroHub is now HIDDEN (Background Dormant) | Working Set: 260.1 MB
2026-09-17 19:58:14.166 [TRANSITION] MetroHub is now SHOWN (Foreground Active) | Working Set: 261.1 MB
2026-09-17 19:58:14.678 [TRANSITION] MetroHub is now HIDDEN (Background Dormant) | Working Set: 260.7 MB
2026-09-17 19:58:15.180 [TRANSITION] MetroHub is now SHOWN (Foreground Active) | Working Set: 260.9 MB
2026-09-17 19:58:15.573 [TRANSITION] MetroHub is now HIDDEN (Background Dormant) | Working Set: 262.2 MB
2026-09-17 19:58:16.081 [TRANSITION] MetroHub is now SHOWN (Foreground Active) | Working Set: 262.2 MB
2026-09-17 19:58:18.595 [TRANSITION] MetroHub is now HIDDEN (Background Dormant) | Working Set: 258.8 MB
2026-09-17 20:00:27.065 [TRANSITION] MetroHub is now SHOWN (Foreground Active) | Working Set: 200.3 MB | Private: 106.3 MB | Managed Heap: 21.0 MB | GDI: 61 | USER: 41
2026-09-17 20:00:29.765 [TRANSITION] MetroHub is now HIDDEN (Background Dormant) | Working Set: 233.2 MB | Private: 136.5 MB | Managed Heap: 23.7 MB | GDI: 68 | USER: 56
2026-09-17 20:00:42.867 [TRANSITION] MetroHub is now SHOWN (Foreground Active) | Working Set: 249.4 MB | Private: 148.6 MB | Managed Heap: 23.0 MB | GDI: 68 | USER: 78
2026-09-17 20:00:43.858 [TRANSITION] MetroHub is now HIDDEN (Background Dormant) | Working Set: 254.5 MB | Private: 154.8 MB | Managed Heap: 22.1 MB | GDI: 68 | USER: 76
2026-09-17 20:00:44.301 [TRANSITION] MetroHub is now SHOWN (Foreground Active) | Working Set: 254.7 MB | Private: 156.2 MB | Managed Heap: 23.1 MB | GDI: 68 | USER: 77
2026-09-17 20:00:44.699 [TRANSITION] MetroHub is now HIDDEN (Background Dormant) | Working Set: 255.9 MB | Private: 156.5 MB | Managed Heap: 24.7 MB | GDI: 68 | USER: 76
2026-09-17 20:00:45.119 [TRANSITION] MetroHub is now SHOWN (Foreground Active) | Working Set: 256.4 MB | Private: 157.0 MB | Managed Heap: 25.5 MB | GDI: 68 | USER: 77
2026-09-17 20:00:46.141 [TRANSITION] MetroHub is now HIDDEN (Background Dormant) | Working Set: 258.3 MB | Private: 157.6 MB | Managed Heap: 24.7 MB | GDI: 68 | USER: 77
2026-09-17 20:00:46.614 [TRANSITION] MetroHub is now SHOWN (Foreground Active) | Working Set: 258.4 MB | Private: 158.4 MB | Managed Heap: 25.5 MB | GDI: 68 | USER: 78
2026-09-17 20:00:47.531 [TRANSITION] MetroHub is now HIDDEN (Background Dormant) | Working Set: 258.6 MB | Private: 158.4 MB | Managed Heap: 23.5 MB | GDI: 68 | USER: 76
2026-09-17 20:00:48.517 [TRANSITION] MetroHub is now SHOWN (Foreground Active) | Working Set: 258.9 MB | Private: 159.8 MB | Managed Heap: 22.7 MB | GDI: 68 | USER: 78
2026-09-17 20:00:49.074 [TRANSITION] MetroHub is now HIDDEN (Background Dormant) | Working Set: 257.2 MB | Private: 156.6 MB | Managed Heap: 25.5 MB | GDI: 68 | USER: 76
2026-09-17 20:00:49.598 [TRANSITION] MetroHub is now SHOWN (Foreground Active) | Working Set: 257.3 MB | Private: 156.7 MB | Managed Heap: 26.2 MB | GDI: 68 | USER: 78
2026-09-17 20:00:51.090 [TRANSITION] MetroHub is now HIDDEN (Background Dormant) | Working Set: 257.8 MB | Private: 157.1 MB | Managed Heap: 26.0 MB | GDI: 68 | USER: 76
2026-09-17 20:00:52.443 [TRANSITION] MetroHub is now SHOWN (Foreground Active) | Working Set: 257.9 MB | Private: 157.3 MB | Managed Heap: 25.0 MB | GDI: 68 | USER: 78
2026-09-17 20:00:53.066 [TRANSITION] MetroHub is now HIDDEN (Background Dormant) | Working Set: 257.9 MB | Private: 157.3 MB | Managed Heap: 25.5 MB | GDI: 68 | USER: 77
2026-09-17 20:00:53.922 [TRANSITION] MetroHub is now SHOWN (Foreground Active) | Working Set: 257.4 MB | Private: 156.8 MB | Managed Heap: 24.8 MB | GDI: 68 | USER: 78
2026-09-17 20:00:58.210 [TRANSITION] MetroHub is now HIDDEN (Background Dormant) | Working Set: 264.7 MB | Private: 179.3 MB | Managed Heap: 28.2 MB | GDI: 68 | USER: 76
2026-09-17 20:01:12.226 [TRANSITION] MetroHub is now SHOWN (Foreground Active) | Working Set: 257.6 MB | Private: 157.2 MB | Managed Heap: 25.3 MB | GDI: 68 | USER: 67
2026-09-17 20:01:12.588 [TRANSITION] MetroHub is now HIDDEN (Background Dormant) | Working Set: 259.7 MB | Private: 161.3 MB | Managed Heap: 24.4 MB | GDI: 68 | USER: 65
2026-09-17 20:01:20.701 [TRANSITION] MetroHub is now SHOWN (Foreground Active) | Working Set: 260.2 MB | Private: 159.9 MB | Managed Heap: 24.7 MB | GDI: 68 | USER: 65
2026-09-17 20:01:21.516 [TRANSITION] MetroHub is now HIDDEN (Background Dormant) | Working Set: 256.7 MB | Private: 158.9 MB | Managed Heap: 25.5 MB | GDI: 68 | USER: 63
2026-09-17 20:01:21.997 [TRANSITION] MetroHub is now SHOWN (Foreground Active) | Working Set: 257.0 MB | Private: 159.8 MB | Managed Heap: 26.3 MB | GDI: 68 | USER: 65
2026-09-17 20:01:42.517 [TRANSITION] MetroHub is now HIDDEN (Background Dormant) | Working Set: 319.8 MB | Private: 213.0 MB | Managed Heap: 25.9 MB | GDI: 105 | USER: 73
2026-09-17 20:01:43.170 [TRANSITION] MetroHub is now SHOWN (Foreground Active) | Working Set: 319.9 MB | Private: 216.4 MB | Managed Heap: 26.2 MB | GDI: 101 | USER: 75
2026-09-17 20:01:43.772 [TRANSITION] MetroHub is now HIDDEN (Background Dormant) | Working Set: 318.1 MB | Private: 213.7 MB | Managed Heap: 29.8 MB | GDI: 97 | USER: 73
2026-09-17 20:01:44.273 [TRANSITION] MetroHub is now SHOWN (Foreground Active) | Working Set: 319.1 MB | Private: 214.8 MB | Managed Heap: 26.5 MB | GDI: 97 | USER: 75
2026-09-17 20:01:44.812 [TRANSITION] MetroHub is now HIDDEN (Background Dormant) | Working Set: 319.3 MB | Private: 215.1 MB | Managed Heap: 26.6 MB | GDI: 97 | USER: 73
2026-09-17 20:01:45.274 [TRANSITION] MetroHub is now SHOWN (Foreground Active) | Working Set: 319.6 MB | Private: 215.3 MB | Managed Heap: 28.4 MB | GDI: 97 | USER: 75
2026-09-17 20:01:45.884 [TRANSITION] MetroHub is now HIDDEN (Background Dormant) | Working Set: 319.7 MB | Private: 215.4 MB | Managed Heap: 28.8 MB | GDI: 97 | USER: 73
2026-09-17 20:01:46.350 [TRANSITION] MetroHub is now SHOWN (Foreground Active) | Working Set: 319.8 MB | Private: 215.5 MB | Managed Heap: 30.6 MB | GDI: 97 | USER: 76
2026-09-17 20:01:47.140 [TRANSITION] MetroHub is now HIDDEN (Background Dormant) | Working Set: 320.1 MB | Private: 215.7 MB | Managed Heap: 30.1 MB | GDI: 97 | USER: 75
2026-09-17 20:01:47.607 [TRANSITION] MetroHub is now SHOWN (Foreground Active) | Working Set: 320.3 MB | Private: 216.0 MB | Managed Heap: 29.9 MB | GDI: 97 | USER: 78
2026-09-17 20:01:48.381 [TRANSITION] MetroHub is now HIDDEN (Background Dormant) | Working Set: 322.0 MB | Private: 217.7 MB | Managed Heap: 29.6 MB | GDI: 97 | USER: 76
2026-09-17 20:01:48.903 [TRANSITION] MetroHub is now SHOWN (Foreground Active) | Working Set: 322.9 MB | Private: 218.6 MB | Managed Heap: 27.7 MB | GDI: 97 | USER: 78
2026-09-17 20:01:49.740 [TRANSITION] MetroHub is now HIDDEN (Background Dormant) | Working Set: 323.0 MB | Private: 218.7 MB | Managed Heap: 31.7 MB | GDI: 97 | USER: 78
2026-09-17 20:01:50.245 [TRANSITION] MetroHub is now SHOWN (Foreground Active) | Working Set: 323.1 MB | Private: 218.7 MB | Managed Heap: 33.5 MB | GDI: 97 | USER: 80
2026-09-17 20:01:50.924 [TRANSITION] MetroHub is now HIDDEN (Background Dormant) | Working Set: 323.4 MB | Private: 218.8 MB | Managed Heap: 33.7 MB | GDI: 97 | USER: 78
2026-09-17 20:01:51.419 [TRANSITION] MetroHub is now SHOWN (Foreground Active) | Working Set: 323.4 MB | Private: 218.8 MB | Managed Heap: 30.4 MB | GDI: 97 | USER: 80
2026-09-17 20:01:52.108 [TRANSITION] MetroHub is now HIDDEN (Background Dormant) | Working Set: 323.5 MB | Private: 218.8 MB | Managed Heap: 31.3 MB | GDI: 97 | USER: 79
2026-09-17 20:01:52.974 [TRANSITION] MetroHub is now SHOWN (Foreground Active) | Working Set: 324.5 MB | Private: 219.9 MB | Managed Heap: 27.1 MB | GDI: 97 | USER: 80
2026-09-17 20:01:53.468 [TRANSITION] MetroHub is now HIDDEN (Background Dormant) | Working Set: 324.9 MB | Private: 220.3 MB | Managed Heap: 29.7 MB | GDI: 97 | USER: 79
2026-09-17 20:01:54.017 [TRANSITION] MetroHub is now SHOWN (Foreground Active) | Working Set: 324.9 MB | Private: 220.3 MB | Managed Heap: 31.6 MB | GDI: 97 | USER: 81
2026-09-17 20:01:54.548 [TRANSITION] MetroHub is now HIDDEN (Background Dormant) | Working Set: 324.9 MB | Private: 220.3 MB | Managed Heap: 30.2 MB | GDI: 97 | USER: 80
2026-09-17 20:01:55.160 [TRANSITION] MetroHub is now SHOWN (Foreground Active) | Working Set: 324.9 MB | Private: 220.3 MB | Managed Heap: 30.3 MB | GDI: 97 | USER: 81
2026-09-17 20:01:55.732 [TRANSITION] MetroHub is now HIDDEN (Background Dormant) | Working Set: 325.9 MB | Private: 221.2 MB | Managed Heap: 32.6 MB | GDI: 97 | USER: 79
2026-09-17 20:01:56.202 [TRANSITION] MetroHub is now SHOWN (Foreground Active) | Working Set: 325.9 MB | Private: 221.2 MB | Managed Heap: 30.0 MB | GDI: 97 | USER: 81
2026-09-17 20:01:56.957 [TRANSITION] MetroHub is now HIDDEN (Background Dormant) | Working Set: 325.9 MB | Private: 221.2 MB | Managed Heap: 31.1 MB | GDI: 97 | USER: 79
2026-09-17 20:01:57.751 [TRANSITION] MetroHub is now SHOWN (Foreground Active) | Working Set: 325.9 MB | Private: 221.2 MB | Managed Heap: 29.8 MB | GDI: 97 | USER: 81
2026-09-17 20:01:59.189 [TRANSITION] MetroHub is now HIDDEN (Background Dormant) | Working Set: 326.2 MB | Private: 221.2 MB | Managed Heap: 26.6 MB | GDI: 97 | USER: 79
2026-09-17 20:08:48.737 [TRANSITION] MetroHub is now SHOWN (Foreground Active) | Working Set: 151.6 MB | Private: 201.7 MB | Managed Heap: 26.3 MB | GDI: 96 | USER: 58
2026-09-17 20:08:51.581 [TRANSITION] MetroHub is now HIDDEN (Background Dormant) | Working Set: 166.8 MB | Private: 203.1 MB | Managed Heap: 26.3 MB | GDI: 96 | USER: 60
2026-09-17 20:08:59.125 [TRANSITION] MetroHub is now SHOWN (Foreground Active) | Working Set: 145.9 MB | Private: 202.8 MB | Managed Heap: 25.6 MB | GDI: 96 | USER: 63
2026-09-17 20:09:00.234 [TRANSITION] MetroHub is now HIDDEN (Background Dormant) | Working Set: 151.5 MB | Private: 209.0 MB | Managed Heap: 30.9 MB | GDI: 96 | USER: 63
2026-09-17 20:09:00.745 [TRANSITION] MetroHub is now SHOWN (Foreground Active) | Working Set: 153.9 MB | Private: 212.2 MB | Managed Heap: 26.6 MB | GDI: 96 | USER: 64
2026-09-17 20:09:02.379 [TRANSITION] MetroHub is now HIDDEN (Background Dormant) | Working Set: 156.1 MB | Private: 212.5 MB | Managed Heap: 30.8 MB | GDI: 96 | USER: 63
2026-09-17 20:09:03.385 [TRANSITION] MetroHub is now SHOWN (Foreground Active) | Working Set: 156.7 MB | Private: 212.5 MB | Managed Heap: 28.3 MB | GDI: 96 | USER: 65
2026-09-17 20:09:07.974 [TRANSITION] MetroHub is now HIDDEN (Background Dormant) | Working Set: 167.6 MB | Private: 212.4 MB | Managed Heap: 29.1 MB | GDI: 96 | USER: 66
2026-09-17 20:09:12.488 [TRANSITION] MetroHub is now SHOWN (Foreground Active) | Working Set: 166.0 MB | Private: 208.3 MB | Managed Heap: 28.6 MB | GDI: 96 | USER: 67
2026-09-17 20:09:13.546 [TRANSITION] MetroHub is now HIDDEN (Background Dormant) | Working Set: 167.7 MB | Private: 211.3 MB | Managed Heap: 31.3 MB | GDI: 96 | USER: 66
2026-09-17 20:09:14.028 [TRANSITION] MetroHub is now SHOWN (Foreground Active) | Working Set: 169.1 MB | Private: 212.9 MB | Managed Heap: 30.1 MB | GDI: 96 | USER: 68
2026-09-17 20:09:14.898 [TRANSITION] MetroHub is now HIDDEN (Background Dormant) | Working Set: 171.7 MB | Private: 213.8 MB | Managed Heap: 30.0 MB | GDI: 96 | USER: 66
2026-09-17 20:09:15.433 [TRANSITION] MetroHub is now SHOWN (Foreground Active) | Working Set: 171.7 MB | Private: 214.6 MB | Managed Heap: 32.0 MB | GDI: 96 | USER: 68
2026-09-17 20:09:20.669 [TRANSITION] MetroHub is now HIDDEN (Background Dormant) | Working Set: 177.2 MB | Private: 215.7 MB | Managed Heap: 30.1 MB | GDI: 100 | USER: 67
2026-09-17 20:09:21.150 [TRANSITION] MetroHub is now SHOWN (Foreground Active) | Working Set: 177.2 MB | Private: 216.3 MB | Managed Heap: 31.6 MB | GDI: 100 | USER: 68
2026-09-17 20:09:22.317 [TRANSITION] MetroHub is now HIDDEN (Background Dormant) | Working Set: 177.0 MB | Private: 216.1 MB | Managed Heap: 31.8 MB | GDI: 96 | USER: 67
2026-09-17 20:09:22.909 [TRANSITION] MetroHub is now SHOWN (Foreground Active) | Working Set: 174.8 MB | Private: 213.8 MB | Managed Heap: 31.9 MB | GDI: 96 | USER: 68
2026-09-17 20:09:23.634 [TRANSITION] MetroHub is now HIDDEN (Background Dormant) | Working Set: 179.3 MB | Private: 218.8 MB | Managed Heap: 32.0 MB | GDI: 96 | USER: 66
2026-09-17 20:09:24.122 [TRANSITION] MetroHub is now SHOWN (Foreground Active) | Working Set: 179.4 MB | Private: 218.8 MB | Managed Heap: 33.9 MB | GDI: 96 | USER: 68
2026-09-17 20:09:24.699 [TRANSITION] MetroHub is now HIDDEN (Background Dormant) | Working Set: 180.4 MB | Private: 219.8 MB | Managed Heap: 33.1 MB | GDI: 96 | USER: 66
2026-09-17 20:09:25.198 [TRANSITION] MetroHub is now SHOWN (Foreground Active) | Working Set: 180.4 MB | Private: 219.9 MB | Managed Heap: 31.9 MB | GDI: 96 | USER: 68
2026-09-17 20:09:25.763 [TRANSITION] MetroHub is now HIDDEN (Background Dormant) | Working Set: 180.4 MB | Private: 219.9 MB | Managed Heap: 37.0 MB | GDI: 96 | USER: 67
2026-09-17 20:09:26.249 [TRANSITION] MetroHub is now SHOWN (Foreground Active) | Working Set: 181.6 MB | Private: 220.7 MB | Managed Heap: 33.3 MB | GDI: 96 | USER: 68
2026-09-17 20:09:27.595 [TRANSITION] MetroHub is now HIDDEN (Background Dormant) | Working Set: 181.7 MB | Private: 220.8 MB | Managed Heap: 38.3 MB | GDI: 96 | USER: 66
2026-09-17 20:09:28.403 [TRANSITION] MetroHub is now SHOWN (Foreground Active) | Working Set: 181.7 MB | Private: 220.8 MB | Managed Heap: 35.2 MB | GDI: 96 | USER: 68
2026-09-17 20:09:31.828 [TRANSITION] MetroHub is now HIDDEN (Background Dormant) | Working Set: 182.0 MB | Private: 215.9 MB | Managed Heap: 34.0 MB | GDI: 96 | USER: 66
2026-09-17 20:09:32.943 [TRANSITION] MetroHub is now SHOWN (Foreground Active) | Working Set: 183.1 MB | Private: 219.2 MB | Managed Heap: 33.6 MB | GDI: 96 | USER: 68
2026-09-17 20:09:33.635 [TRANSITION] MetroHub is now HIDDEN (Background Dormant) | Working Set: 187.4 MB | Private: 223.1 MB | Managed Heap: 39.4 MB | GDI: 96 | USER: 66
2026-09-17 20:12:44.625 [TRANSITION] MetroHub is now SHOWN (Foreground Active) | Working Set: 200.9 MB | Private: 106.9 MB | Managed Heap: 23.2 MB | GDI: 61 | USER: 41
2026-09-17 20:12:46.520 [TRANSITION] MetroHub is now HIDDEN (Background Dormant) | Working Set: 240.1 MB | Private: 144.5 MB | Managed Heap: 25.8 MB | GDI: 73 | USER: 55
2026-09-17 20:12:58.070 [TRANSITION] MetroHub is now SHOWN (Foreground Active) | Working Set: 252.6 MB | Private: 154.4 MB | Managed Heap: 24.6 MB | GDI: 68 | USER: 60
2026-09-17 20:12:58.898 [TRANSITION] MetroHub is now HIDDEN (Background Dormant) | Working Set: 253.9 MB | Private: 157.5 MB | Managed Heap: 26.1 MB | GDI: 68 | USER: 59
2026-09-17 20:12:59.440 [TRANSITION] MetroHub is now SHOWN (Foreground Active) | Working Set: 254.3 MB | Private: 158.4 MB | Managed Heap: 27.0 MB | GDI: 68 | USER: 60
2026-09-17 20:13:00.122 [TRANSITION] MetroHub is now HIDDEN (Background Dormant) | Working Set: 255.4 MB | Private: 158.8 MB | Managed Heap: 27.1 MB | GDI: 68 | USER: 59
2026-09-17 20:13:00.616 [TRANSITION] MetroHub is now SHOWN (Foreground Active) | Working Set: 255.8 MB | Private: 159.9 MB | Managed Heap: 26.3 MB | GDI: 68 | USER: 60
2026-09-17 20:13:03.446 [TRANSITION] MetroHub is now HIDDEN (Background Dormant) | Working Set: 263.8 MB | Private: 176.8 MB | Managed Heap: 30.6 MB | GDI: 68 | USER: 60
2026-09-17 20:13:19.460 [TRANSITION] MetroHub is now SHOWN (Foreground Active) | Working Set: 257.2 MB | Private: 156.8 MB | Managed Heap: 28.8 MB | GDI: 68 | USER: 61
2026-09-17 20:13:28.483 [TRANSITION] MetroHub is now HIDDEN (Background Dormant) | Working Set: 263.6 MB | Private: 158.8 MB | Managed Heap: 25.6 MB | GDI: 70 | USER: 56
2026-09-17 20:13:47.652 [TRANSITION] MetroHub is now SHOWN (Foreground Active) | Working Set: 263.5 MB | Private: 156.9 MB | Managed Heap: 26.1 MB | GDI: 70 | USER: 54
2026-09-17 20:13:48.339 [TRANSITION] MetroHub is now HIDDEN (Background Dormant) | Working Set: 263.4 MB | Private: 156.8 MB | Managed Heap: 26.3 MB | GDI: 68 | USER: 53
2026-09-17 20:13:48.792 [TRANSITION] MetroHub is now SHOWN (Foreground Active) | Working Set: 261.1 MB | Private: 154.8 MB | Managed Heap: 26.5 MB | GDI: 68 | USER: 52
2026-09-17 20:13:50.020 [TRANSITION] MetroHub is now HIDDEN (Background Dormant) | Working Set: 261.8 MB | Private: 155.6 MB | Managed Heap: 25.3 MB | GDI: 68 | USER: 50
2026-09-17 20:13:50.487 [TRANSITION] MetroHub is now SHOWN (Foreground Active) | Working Set: 261.8 MB | Private: 155.6 MB | Managed Heap: 25.5 MB | GDI: 68 | USER: 52
2026-09-17 20:13:53.228 [TRANSITION] MetroHub is now HIDDEN (Background Dormant) | Working Set: 262.6 MB | Private: 155.7 MB | Managed Heap: 26.1 MB | GDI: 69 | USER: 50
2026-09-17 20:14:06.331 [TRANSITION] MetroHub is now SHOWN (Foreground Active) | Working Set: 262.7 MB | Private: 155.8 MB | Managed Heap: 25.9 MB | GDI: 68 | USER: 52
2026-09-17 20:14:06.924 [TRANSITION] MetroHub is now HIDDEN (Background Dormant) | Working Set: 262.7 MB | Private: 156.3 MB | Managed Heap: 26.2 MB | GDI: 68 | USER: 51
2026-09-17 20:14:10.227 [TRANSITION] MetroHub is now SHOWN (Foreground Active) | Working Set: 262.7 MB | Private: 156.5 MB | Managed Heap: 24.8 MB | GDI: 68 | USER: 52
2026-09-17 20:14:13.981 [TRANSITION] MetroHub is now HIDDEN (Background Dormant) | Working Set: 262.6 MB | Private: 156.5 MB | Managed Heap: 25.4 MB | GDI: 68 | USER: 51
2026-09-17 20:18:38.107 [TRANSITION] MetroHub is now SHOWN (Foreground Active) | Working Set: 259.4 MB | Private: 153.2 MB | Managed Heap: 26.5 MB | GDI: 67 | USER: 43
2026-09-17 20:18:38.693 [TRANSITION] MetroHub is now HIDDEN (Background Dormant) | Working Set: 260.6 MB | Private: 154.3 MB | Managed Heap: 24.9 MB | GDI: 67 | USER: 41
2026-09-17 20:18:39.066 [TRANSITION] MetroHub is now SHOWN (Foreground Active) | Working Set: 260.6 MB | Private: 154.3 MB | Managed Heap: 25.1 MB | GDI: 67 | USER: 43
2026-09-17 20:18:41.716 [TRANSITION] MetroHub is now HIDDEN (Background Dormant) | Working Set: 262.3 MB | Private: 155.7 MB | Managed Heap: 25.1 MB | GDI: 67 | USER: 42
2026-09-17 20:18:47.051 [TRANSITION] MetroHub is now SHOWN (Foreground Active) | Working Set: 262.4 MB | Private: 155.7 MB | Managed Heap: 25.8 MB | GDI: 67 | USER: 44
2026-09-17 20:18:48.036 [TRANSITION] MetroHub is now HIDDEN (Background Dormant) | Working Set: 262.4 MB | Private: 155.8 MB | Managed Heap: 26.3 MB | GDI: 67 | USER: 44
2026-09-17 20:18:48.410 [TRANSITION] MetroHub is now SHOWN (Foreground Active) | Working Set: 262.4 MB | Private: 155.8 MB | Managed Heap: 26.5 MB | GDI: 67 | USER: 45
2026-09-17 20:18:59.293 [TRANSITION] MetroHub is now HIDDEN (Background Dormant) | Working Set: 274.5 MB | Private: 189.7 MB | Managed Heap: 27.9 MB | GDI: 78 | USER: 45
2026-09-17 20:19:23.346 [TRANSITION] MetroHub is now SHOWN (Foreground Active) | Working Set: 267.2 MB | Private: 162.9 MB | Managed Heap: 28.8 MB | GDI: 78 | USER: 47
2026-09-17 20:19:35.023 [TRANSITION] MetroHub is now HIDDEN (Background Dormant) | Working Set: 274.7 MB | Private: 165.5 MB | Managed Heap: 29.0 MB | GDI: 74 | USER: 48
2026-09-17 20:19:40.838 [TRANSITION] MetroHub is now SHOWN (Foreground Active) | Working Set: 273.7 MB | Private: 162.9 MB | Managed Heap: 29.7 MB | GDI: 74 | USER: 49
2026-09-17 20:20:05.183 [TRANSITION] MetroHub is now HIDDEN (Background Dormant) | Working Set: 279.3 MB | Private: 165.6 MB | Managed Heap: 26.7 MB | GDI: 76 | USER: 48
2026-09-17 20:20:06.029 [TRANSITION] MetroHub is now SHOWN (Foreground Active) | Working Set: 279.4 MB | Private: 167.5 MB | Managed Heap: 26.9 MB | GDI: 76 | USER: 48
2026-09-17 20:20:06.687 [TRANSITION] MetroHub is now HIDDEN (Background Dormant) | Working Set: 279.4 MB | Private: 167.5 MB | Managed Heap: 25.7 MB | GDI: 74 | USER: 47
2026-09-17 20:20:07.416 [TRANSITION] MetroHub is now SHOWN (Foreground Active) | Working Set: 279.4 MB | Private: 167.5 MB | Managed Heap: 26.0 MB | GDI: 74 | USER: 47
2026-09-17 20:20:12.014 [TRANSITION] MetroHub is now SHOWN (Foreground Active) | Working Set: 277.8 MB | Private: 164.4 MB | Managed Heap: 26.7 MB | GDI: 74 | USER: 48
2026-09-17 20:20:12.224 [TRANSITION] MetroHub is now HIDDEN (Background Dormant) | Working Set: 278.8 MB | Private: 166.5 MB | Managed Heap: 26.0 MB | GDI: 74 | USER: 48
2026-09-17 20:20:12.437 [TRANSITION] MetroHub is now SHOWN (Foreground Active) | Working Set: 278.8 MB | Private: 166.5 MB | Managed Heap: 26.9 MB | GDI: 74 | USER: 49
2026-09-17 20:20:12.592 [TRANSITION] MetroHub is now HIDDEN (Background Dormant) | Working Set: 278.8 MB | Private: 166.5 MB | Managed Heap: 25.4 MB | GDI: 74 | USER: 48
2026-09-17 20:20:12.839 [TRANSITION] MetroHub is now SHOWN (Foreground Active) | Working Set: 278.8 MB | Private: 166.4 MB | Managed Heap: 26.3 MB | GDI: 74 | USER: 49
2026-09-17 20:20:12.991 [TRANSITION] MetroHub is now HIDDEN (Background Dormant) | Working Set: 278.9 MB | Private: 166.5 MB | Managed Heap: 27.1 MB | GDI: 74 | USER: 48
2026-09-17 20:20:13.221 [TRANSITION] MetroHub is now SHOWN (Foreground Active) | Working Set: 278.9 MB | Private: 166.5 MB | Managed Heap: 26.0 MB | GDI: 74 | USER: 49
2026-09-17 20:20:13.352 [TRANSITION] MetroHub is now HIDDEN (Background Dormant) | Working Set: 278.9 MB | Private: 166.5 MB | Managed Heap: 26.7 MB | GDI: 74 | USER: 48
2026-09-17 20:20:13.571 [TRANSITION] MetroHub is now SHOWN (Foreground Active) | Working Set: 278.9 MB | Private: 166.5 MB | Managed Heap: 25.7 MB | GDI: 74 | USER: 49
2026-09-17 20:20:13.712 [TRANSITION] MetroHub is now HIDDEN (Background Dormant) | Working Set: 278.9 MB | Private: 166.5 MB | Managed Heap: 26.5 MB | GDI: 74 | USER: 48
2026-09-17 20:20:13.932 [TRANSITION] MetroHub is now SHOWN (Foreground Active) | Working Set: 278.9 MB | Private: 166.5 MB | Managed Heap: 25.5 MB | GDI: 74 | USER: 49
2026-09-17 20:20:14.073 [TRANSITION] MetroHub is now HIDDEN (Background Dormant) | Working Set: 278.9 MB | Private: 166.5 MB | Managed Heap: 26.2 MB | GDI: 74 | USER: 48
2026-09-17 20:20:14.286 [TRANSITION] MetroHub is now SHOWN (Foreground Active) | Working Set: 278.9 MB | Private: 166.5 MB | Managed Heap: 25.2 MB | GDI: 74 | USER: 49
2026-09-17 20:20:14.424 [TRANSITION] MetroHub is now HIDDEN (Background Dormant) | Working Set: 279.0 MB | Private: 166.6 MB | Managed Heap: 25.9 MB | GDI: 74 | USER: 49
2026-09-17 20:20:14.654 [TRANSITION] MetroHub is now SHOWN (Foreground Active) | Working Set: 279.0 MB | Private: 166.6 MB | Managed Heap: 26.9 MB | GDI: 74 | USER: 49
2026-09-17 20:20:14.784 [TRANSITION] MetroHub is now HIDDEN (Background Dormant) | Working Set: 279.0 MB | Private: 166.8 MB | Managed Heap: 25.7 MB | GDI: 74 | USER: 48
2026-09-17 20:20:15.004 [TRANSITION] MetroHub is now SHOWN (Foreground Active) | Working Set: 279.0 MB | Private: 166.8 MB | Managed Heap: 26.6 MB | GDI: 74 | USER: 49
2026-09-17 20:20:15.136 [TRANSITION] MetroHub is now HIDDEN (Background Dormant) | Working Set: 279.0 MB | Private: 166.8 MB | Managed Heap: 25.5 MB | GDI: 74 | USER: 48
2026-09-17 20:20:15.351 [TRANSITION] MetroHub is now SHOWN (Foreground Active) | Working Set: 279.0 MB | Private: 166.8 MB | Managed Heap: 26.4 MB | GDI: 74 | USER: 49
2026-09-17 20:20:15.480 [TRANSITION] MetroHub is now HIDDEN (Background Dormant) | Working Set: 279.0 MB | Private: 166.8 MB | Managed Heap: 25.3 MB | GDI: 74 | USER: 48
2026-09-17 20:20:15.718 [TRANSITION] MetroHub is now SHOWN (Foreground Active) | Working Set: 279.0 MB | Private: 166.8 MB | Managed Heap: 26.2 MB | GDI: 74 | USER: 49
2026-09-17 20:20:15.873 [TRANSITION] MetroHub is now HIDDEN (Background Dormant) | Working Set: 279.0 MB | Private: 166.8 MB | Managed Heap: 25.1 MB | GDI: 74 | USER: 48
2026-09-17 20:20:16.275 [TRANSITION] MetroHub is now SHOWN (Foreground Active) | Working Set: 279.0 MB | Private: 166.8 MB | Managed Heap: 26.5 MB | GDI: 74 | USER: 49
2026-09-17 20:20:19.752 [TRANSITION] MetroHub is now HIDDEN (Background Dormant) | Working Set: 281.2 MB | Private: 168.1 MB | Managed Heap: 27.0 MB | GDI: 76 | USER: 50
2026-09-17 20:20:20.005 [TRANSITION] MetroHub is now SHOWN (Foreground Active) | Working Set: 281.3 MB | Private: 168.1 MB | Managed Heap: 28.0 MB | GDI: 76 | USER: 51
2026-09-17 20:20:20.176 [TRANSITION] MetroHub is now HIDDEN (Background Dormant) | Working Set: 281.4 MB | Private: 168.1 MB | Managed Heap: 28.8 MB | GDI: 74 | USER: 49
2026-09-17 20:20:20.423 [TRANSITION] MetroHub is now SHOWN (Foreground Active) | Working Set: 281.5 MB | Private: 168.1 MB | Managed Heap: 26.1 MB | GDI: 74 | USER: 50
2026-09-17 20:20:20.568 [TRANSITION] MetroHub is now HIDDEN (Background Dormant) | Working Set: 281.5 MB | Private: 168.1 MB | Managed Heap: 26.9 MB | GDI: 74 | USER: 50
2026-09-17 20:20:20.789 [TRANSITION] MetroHub is now SHOWN (Foreground Active) | Working Set: 281.5 MB | Private: 168.1 MB | Managed Heap: 25.7 MB | GDI: 74 | USER: 51
2026-09-17 20:20:20.928 [TRANSITION] MetroHub is now HIDDEN (Background Dormant) | Working Set: 281.6 MB | Private: 168.1 MB | Managed Heap: 26.6 MB | GDI: 74 | USER: 50
2026-09-17 20:20:21.174 [TRANSITION] MetroHub is now SHOWN (Foreground Active) | Working Set: 282.0 MB | Private: 168.6 MB | Managed Heap: 25.5 MB | GDI: 74 | USER: 51
2026-09-17 20:20:21.313 [TRANSITION] MetroHub is now HIDDEN (Background Dormant) | Working Set: 282.0 MB | Private: 168.6 MB | Managed Heap: 26.4 MB | GDI: 74 | USER: 50
2026-09-17 20:20:21.559 [TRANSITION] MetroHub is now SHOWN (Foreground Active) | Working Set: 282.0 MB | Private: 168.6 MB | Managed Heap: 25.6 MB | GDI: 74 | USER: 51
2026-09-17 20:20:24.745 [TRANSITION] MetroHub is now HIDDEN (Background Dormant) | Working Set: 280.7 MB | Private: 166.7 MB | Managed Heap: 25.4 MB | GDI: 74 | USER: 51
2026-09-17 20:20:24.997 [TRANSITION] MetroHub is now SHOWN (Foreground Active) | Working Set: 280.8 MB | Private: 167.3 MB | Managed Heap: 26.4 MB | GDI: 74 | USER: 52
2026-09-17 20:20:25.145 [TRANSITION] MetroHub is now HIDDEN (Background Dormant) | Working Set: 280.8 MB | Private: 167.3 MB | Managed Heap: 27.3 MB | GDI: 74 | USER: 51
2026-09-17 20:20:25.374 [TRANSITION] MetroHub is now SHOWN (Foreground Active) | Working Set: 280.9 MB | Private: 167.3 MB | Managed Heap: 26.3 MB | GDI: 74 | USER: 51
2026-09-17 20:20:25.520 [TRANSITION] MetroHub is now HIDDEN (Background Dormant) | Working Set: 280.8 MB | Private: 167.3 MB | Managed Heap: 27.1 MB | GDI: 74 | USER: 50
2026-09-17 20:20:25.782 [TRANSITION] MetroHub is now SHOWN (Foreground Active) | Working Set: 281.0 MB | Private: 167.3 MB | Managed Heap: 26.0 MB | GDI: 74 | USER: 51
2026-09-17 20:20:25.914 [TRANSITION] MetroHub is now HIDDEN (Background Dormant) | Working Set: 281.0 MB | Private: 167.3 MB | Managed Heap: 26.8 MB | GDI: 74 | USER: 50
2026-09-17 20:20:26.152 [TRANSITION] MetroHub is now SHOWN (Foreground Active) | Working Set: 281.0 MB | Private: 167.3 MB | Managed Heap: 25.8 MB | GDI: 74 | USER: 51
2026-09-17 20:20:26.280 [TRANSITION] MetroHub is now HIDDEN (Background Dormant) | Working Set: 281.1 MB | Private: 167.5 MB | Managed Heap: 26.4 MB | GDI: 74 | USER: 50
2026-09-17 20:20:26.518 [TRANSITION] MetroHub is now SHOWN (Foreground Active) | Working Set: 281.1 MB | Private: 167.5 MB | Managed Heap: 25.4 MB | GDI: 74 | USER: 51
2026-09-17 20:20:26.648 [TRANSITION] MetroHub is now HIDDEN (Background Dormant) | Working Set: 281.2 MB | Private: 167.5 MB | Managed Heap: 26.1 MB | GDI: 74 | USER: 50
2026-09-17 20:20:26.877 [TRANSITION] MetroHub is now SHOWN (Foreground Active) | Working Set: 281.2 MB | Private: 167.5 MB | Managed Heap: 27.0 MB | GDI: 74 | USER: 51
2026-09-17 20:20:27.274 [TRANSITION] MetroHub is now HIDDEN (Background Dormant) | Working Set: 281.2 MB | Private: 167.5 MB | Managed Heap: 26.7 MB | GDI: 74 | USER: 51
2026-09-17 20:21:39.264 [TRANSITION] MetroHub is now SHOWN (Foreground Active) | Working Set: 279.0 MB | Private: 163.9 MB | Managed Heap: 25.0 MB | GDI: 74 | USER: 45
2026-09-17 20:21:41.846 [TRANSITION] MetroHub is now HIDDEN (Background Dormant) | Working Set: 279.6 MB | Private: 166.2 MB | Managed Heap: 24.8 MB | GDI: 74 | USER: 47
2026-09-17 20:23:02.839 [TRANSITION] MetroHub is now SHOWN (Foreground Active) | Working Set: 279.6 MB | Private: 164.0 MB | Managed Heap: 24.4 MB | GDI: 74 | USER: 45
2026-09-17 20:23:06.666 [TRANSITION] MetroHub is now HIDDEN (Background Dormant) | Working Set: 279.8 MB | Private: 164.9 MB | Managed Heap: 25.0 MB | GDI: 74 | USER: 48
2026-09-17 20:23:10.191 [TRANSITION] MetroHub is now SHOWN (Foreground Active) | Working Set: 279.8 MB | Private: 164.2 MB | Managed Heap: 24.7 MB | GDI: 74 | USER: 47
2026-09-17 20:23:12.173 [TRANSITION] MetroHub is now HIDDEN (Background Dormant) | Working Set: 280.0 MB | Private: 165.4 MB | Managed Heap: 25.7 MB | GDI: 76 | USER: 47
2026-09-17 20:23:15.453 [TRANSITION] MetroHub is now SHOWN (Foreground Active) | Working Set: 280.0 MB | Private: 163.6 MB | Managed Heap: 23.7 MB | GDI: 76 | USER: 48
2026-09-17 20:23:17.031 [TRANSITION] MetroHub is now HIDDEN (Background Dormant) | Working Set: 279.9 MB | Private: 163.6 MB | Managed Heap: 24.3 MB | GDI: 74 | USER: 48
2026-09-17 20:23:17.436 [TRANSITION] MetroHub is now SHOWN (Foreground Active) | Working Set: 279.9 MB | Private: 163.6 MB | Managed Heap: 24.5 MB | GDI: 74 | USER: 49
2026-09-17 20:23:17.994 [TRANSITION] MetroHub is now HIDDEN (Background Dormant) | Working Set: 279.9 MB | Private: 163.6 MB | Managed Heap: 24.6 MB | GDI: 74 | USER: 47
2026-09-17 20:23:38.362 [TRANSITION] MetroHub is now SHOWN (Foreground Active) | Working Set: 164.2 MB | Private: 95.2 MB | Managed Heap: 14.6 MB | GDI: 58 | USER: 33
2026-09-17 20:23:38.446 [TRANSITION] MetroHub is now HIDDEN (Background Dormant) | Working Set: 168.4 MB | Private: 112.1 MB | Managed Heap: 15.0 MB | GDI: 67 | USER: 38
2026-09-17 20:23:40.699 [TRANSITION] MetroHub is now SHOWN (Foreground Active) | Working Set: 191.6 MB | Private: 127.5 MB | Managed Heap: 14.3 MB | GDI: 68 | USER: 50
2026-09-17 20:24:03.984 [TRANSITION] MetroHub is now HIDDEN (Background Dormant) | Working Set: 236.1 MB | Private: 177.0 MB | Managed Heap: 21.3 MB | GDI: 76 | USER: 59
2026-09-17 20:24:04.415 [TRANSITION] MetroHub is now SHOWN (Foreground Active) | Working Set: 236.1 MB | Private: 177.0 MB | Managed Heap: 21.3 MB | GDI: 76 | USER: 60
2026-09-17 20:24:04.873 [TRANSITION] MetroHub is now HIDDEN (Background Dormant) | Working Set: 236.2 MB | Private: 177.1 MB | Managed Heap: 21.5 MB | GDI: 76 | USER: 59
2026-09-17 20:24:26.115 [TRANSITION] MetroHub is now SHOWN (Foreground Active) | Working Set: 233.5 MB | Private: 152.8 MB | Managed Heap: 21.6 MB | GDI: 76 | USER: 47
2026-09-17 20:24:30.448 [TRANSITION] MetroHub is now HIDDEN (Background Dormant) | Working Set: 234.5 MB | Private: 153.8 MB | Managed Heap: 21.7 MB | GDI: 78 | USER: 46
2026-09-17 20:24:30.822 [TRANSITION] MetroHub is now SHOWN (Foreground Active) | Working Set: 234.6 MB | Private: 153.8 MB | Managed Heap: 21.8 MB | GDI: 78 | USER: 47
2026-09-17 20:24:31.624 [TRANSITION] MetroHub is now HIDDEN (Background Dormant) | Working Set: 234.6 MB | Private: 153.8 MB | Managed Heap: 22.0 MB | GDI: 78 | USER: 46
2026-09-17 20:25:10.620 [TRANSITION] MetroHub is now SHOWN (Foreground Active) | Working Set: 234.8 MB | Private: 153.7 MB | Managed Heap: 22.2 MB | GDI: 78 | USER: 46
2026-09-17 20:25:12.217 [TRANSITION] MetroHub is now HIDDEN (Background Dormant) | Working Set: 235.0 MB | Private: 154.0 MB | Managed Heap: 21.3 MB | GDI: 76 | USER: 46
2026-09-17 20:27:32.594 [TRANSITION] MetroHub is now SHOWN (Foreground Active) | Working Set: 234.0 MB | Private: 153.6 MB | Managed Heap: 21.4 MB | GDI: 76 | USER: 39
2026-09-17 20:27:45.094 [TRANSITION] MetroHub is now HIDDEN (Background Dormant) | Working Set: 227.3 MB | Private: 145.6 MB | Managed Heap: 17.9 MB | GDI: 76 | USER: 38
2026-09-17 20:28:43.114 [TRANSITION] MetroHub is now SHOWN (Foreground Active) | Working Set: 227.0 MB | Private: 145.5 MB | Managed Heap: 18.1 MB | GDI: 75 | USER: 39
2026-09-17 20:28:49.439 [TRANSITION] MetroHub is now HIDDEN (Background Dormant) | Working Set: 227.9 MB | Private: 146.3 MB | Managed Heap: 18.2 MB | GDI: 75 | USER: 40
2026-09-17 20:33:45.201 [TRANSITION] MetroHub is now SHOWN (Foreground Active) | Working Set: 164.4 MB | Private: 94.8 MB | Managed Heap: 14.6 MB | GDI: 58 | USER: 33
2026-09-17 20:34:03.406 [TRANSITION] MetroHub is now HIDDEN (Background Dormant) | Working Set: 226.0 MB | Private: 144.3 MB | Managed Heap: 18.5 MB | GDI: 71 | USER: 55
2026-09-17 20:34:16.909 [TRANSITION] MetroHub is now SHOWN (Foreground Active) | Working Set: 226.0 MB | Private: 143.6 MB | Managed Heap: 18.6 MB | GDI: 71 | USER: 49
2026-09-17 20:34:20.220 [TRANSITION] MetroHub is now HIDDEN (Background Dormant) | Working Set: 227.1 MB | Private: 147.9 MB | Managed Heap: 18.4 MB | GDI: 69 | USER: 49
2026-09-17 20:34:31.464 [TRANSITION] MetroHub is now SHOWN (Foreground Active) | Working Set: 227.2 MB | Private: 143.0 MB | Managed Heap: 18.5 MB | GDI: 69 | USER: 49
2026-09-17 20:34:31.883 [TRANSITION] MetroHub is now HIDDEN (Background Dormant) | Working Set: 227.2 MB | Private: 143.0 MB | Managed Heap: 18.7 MB | GDI: 69 | USER: 47
2026-09-17 20:34:32.552 [TRANSITION] MetroHub is now SHOWN (Foreground Active) | Working Set: 227.6 MB | Private: 143.5 MB | Managed Heap: 18.7 MB | GDI: 69 | USER: 49
2026-09-17 20:34:33.644 [TRANSITION] MetroHub is now HIDDEN (Background Dormant) | Working Set: 227.7 MB | Private: 143.5 MB | Managed Heap: 19.6 MB | GDI: 69 | USER: 49
2026-09-17 20:34:46.977 [TRANSITION] MetroHub is now SHOWN (Foreground Active) | Working Set: 227.6 MB | Private: 143.3 MB | Managed Heap: 19.7 MB | GDI: 69 | USER: 47
2026-09-17 20:34:58.700 [TRANSITION] MetroHub is now HIDDEN (Background Dormant) | Working Set: 226.9 MB | Private: 141.8 MB | Managed Heap: 17.1 MB | GDI: 69 | USER: 44
2026-09-17 20:34:59.294 [TRANSITION] MetroHub is now SHOWN (Foreground Active) | Working Set: 227.0 MB | Private: 141.8 MB | Managed Heap: 17.3 MB | GDI: 69 | USER: 45
2026-09-17 20:34:59.874 [TRANSITION] MetroHub is now HIDDEN (Background Dormant) | Working Set: 227.0 MB | Private: 141.9 MB | Managed Heap: 17.4 MB | GDI: 69 | USER: 46
2026-09-17 20:35:14.942 [TRANSITION] MetroHub is now SHOWN (Foreground Active) | Working Set: 162.4 MB | Private: 93.9 MB | Managed Heap: 14.0 MB | GDI: 58 | USER: 33
2026-09-17 20:35:16.070 [TRANSITION] MetroHub is now HIDDEN (Background Dormant) | Working Set: 196.0 MB | Private: 133.9 MB | Managed Heap: 19.4 MB | GDI: 69 | USER: 46
2026-09-17 20:35:34.291 [TRANSITION] MetroHub is now SHOWN (Foreground Active) | Working Set: 207.9 MB | Private: 126.8 MB | Managed Heap: 13.5 MB | GDI: 68 | USER: 56
2026-09-17 20:35:40.581 [TRANSITION] MetroHub is now HIDDEN (Background Dormant) | Working Set: 221.5 MB | Private: 150.1 MB | Managed Heap: 18.0 MB | GDI: 68 | USER: 54
2026-09-17 20:35:41.148 [TRANSITION] MetroHub is now SHOWN (Foreground Active) | Working Set: 219.4 MB | Private: 155.4 MB | Managed Heap: 18.1 MB | GDI: 68 | USER: 55
2026-09-17 20:35:41.765 [TRANSITION] MetroHub is now HIDDEN (Background Dormant) | Working Set: 220.2 MB | Private: 156.1 MB | Managed Heap: 18.2 MB | GDI: 68 | USER: 53
2026-09-17 20:35:45.476 [TRANSITION] MetroHub is now SHOWN (Foreground Active) | Working Set: 220.3 MB | Private: 140.6 MB | Managed Heap: 18.3 MB | GDI: 68 | USER: 55
2026-09-17 20:36:02.198 [TRANSITION] MetroHub is now HIDDEN (Background Dormant) | Working Set: 255.8 MB | Private: 179.8 MB | Managed Heap: 22.3 MB | GDI: 79 | USER: 49
2026-09-17 20:36:06.556 [TRANSITION] MetroHub is now SHOWN (Foreground Active) | Working Set: 250.3 MB | Private: 156.4 MB | Managed Heap: 22.0 MB | GDI: 79 | USER: 51
2026-09-17 20:36:08.350 [TRANSITION] MetroHub is now HIDDEN (Background Dormant) | Working Set: 251.0 MB | Private: 158.2 MB | Managed Heap: 22.2 MB | GDI: 77 | USER: 51
2026-09-17 20:36:11.639 [TRANSITION] MetroHub is now SHOWN (Foreground Active) | Working Set: 247.2 MB | Private: 151.8 MB | Managed Heap: 21.3 MB | GDI: 77 | USER: 52
2026-09-17 20:36:17.783 [TRANSITION] MetroHub is now HIDDEN (Background Dormant) | Working Set: 254.9 MB | Private: 178.3 MB | Managed Heap: 25.0 MB | GDI: 81 | USER: 50
2026-09-17 20:37:05.489 [TRANSITION] MetroHub is now SHOWN (Foreground Active) | Working Set: 250.2 MB | Private: 153.9 MB | Managed Heap: 24.0 MB | GDI: 79 | USER: 49
2026-09-17 20:37:06.500 [TRANSITION] MetroHub is now HIDDEN (Background Dormant) | Working Set: 250.1 MB | Private: 155.2 MB | Managed Heap: 23.7 MB | GDI: 75 | USER: 50
2026-09-17 20:37:28.011 [TRANSITION] MetroHub is now SHOWN (Foreground Active) | Working Set: 248.7 MB | Private: 150.9 MB | Managed Heap: 23.5 MB | GDI: 75 | USER: 47
2026-09-17 20:37:33.052 [TRANSITION] MetroHub is now HIDDEN (Background Dormant) | Working Set: 250.7 MB | Private: 153.2 MB | Managed Heap: 23.6 MB | GDI: 75 | USER: 47
2026-09-17 20:38:17.080 [TRANSITION] MetroHub is now SHOWN (Foreground Active) | Working Set: 249.2 MB | Private: 150.9 MB | Managed Heap: 23.7 MB | GDI: 75 | USER: 47
2026-09-17 20:38:20.310 [TRANSITION] MetroHub is now HIDDEN (Background Dormant) | Working Set: 250.1 MB | Private: 151.1 MB | Managed Heap: 23.2 MB | GDI: 75 | USER: 48
2026-09-17 20:39:31.645 [TRANSITION] MetroHub is now SHOWN (Foreground Active) | Working Set: 250.1 MB | Private: 151.8 MB | Managed Heap: 23.9 MB | GDI: 75 | USER: 47
2026-09-17 20:39:32.157 [TRANSITION] MetroHub is now HIDDEN (Background Dormant) | Working Set: 250.2 MB | Private: 154.3 MB | Managed Heap: 24.4 MB | GDI: 75 | USER: 46
2026-09-17 20:39:35.288 [TRANSITION] MetroHub is now SHOWN (Foreground Active) | Working Set: 250.6 MB | Private: 155.7 MB | Managed Heap: 24.3 MB | GDI: 77 | USER: 47
2026-09-17 20:39:37.476 [TRANSITION] MetroHub is now HIDDEN (Background Dormant) | Working Set: 250.8 MB | Private: 155.6 MB | Managed Heap: 24.8 MB | GDI: 75 | USER: 48
2026-09-17 20:57:27.689 [TRANSITION] MetroHub is now SHOWN (Foreground Active) | Working Set: 183.8 MB
2026-09-17 20:57:29.978 [TRANSITION] MetroHub is now HIDDEN (Background Dormant) | Working Set: 200.4 MB
2026-09-17 20:57:31.710 [TRANSITION] MetroHub is now SHOWN (Foreground Active) | Working Set: 213.4 MB
2026-09-17 20:57:58.968 [TRANSITION] MetroHub is now HIDDEN (Background Dormant) | Working Set: 256.4 MB
2026-09-17 20:58:06.866 [TRANSITION] MetroHub is now SHOWN (Foreground Active) | Working Set: 253.9 MB
2026-09-17 20:58:07.073 [TRANSITION] MetroHub is now HIDDEN (Background Dormant) | Working Set: 254.3 MB
2026-09-17 20:58:08.547 [TRANSITION] MetroHub is now SHOWN (Foreground Active) | Working Set: 255.3 MB
2026-09-17 20:58:08.768 [TRANSITION] MetroHub is now HIDDEN (Background Dormant) | Working Set: 255.8 MB
2026-09-17 20:58:09.093 [TRANSITION] MetroHub is now SHOWN (Foreground Active) | Working Set: 256.5 MB
2026-09-17 20:58:09.272 [TRANSITION] MetroHub is now HIDDEN (Background Dormant) | Working Set: 256.6 MB
2026-09-17 20:58:09.583 [TRANSITION] MetroHub is now SHOWN (Foreground Active) | Working Set: 256.6 MB
2026-09-17 20:58:09.785 [TRANSITION] MetroHub is now HIDDEN (Background Dormant) | Working Set: 256.7 MB
2026-09-17 20:58:10.124 [TRANSITION] MetroHub is now SHOWN (Foreground Active) | Working Set: 256.7 MB
2026-09-17 20:58:10.352 [TRANSITION] MetroHub is now HIDDEN (Background Dormant) | Working Set: 256.7 MB
2026-09-17 20:58:12.151 [TRANSITION] MetroHub is now SHOWN (Foreground Active) | Working Set: 254.5 MB
2026-09-17 20:58:14.905 [TRANSITION] MetroHub is now HIDDEN (Background Dormant) | Working Set: 260.7 MB
2026-09-17 20:58:24.597 [TRANSITION] MetroHub is now SHOWN (Foreground Active) | Working Set: 259.2 MB
2026-09-17 20:58:28.001 [TRANSITION] MetroHub is now HIDDEN (Background Dormant) | Working Set: 277.0 MB
2026-09-17 20:58:32.415 [TRANSITION] MetroHub is now SHOWN (Foreground Active) | Working Set: 275.3 MB
2026-09-17 20:58:45.457 [TRANSITION] MetroHub is now HIDDEN (Background Dormant) | Working Set: 339.6 MB
2026-09-17 20:58:51.380 [TRANSITION] MetroHub is now SHOWN (Foreground Active) | Working Set: 338.3 MB
2026-09-17 20:58:51.709 [TRANSITION] MetroHub is now HIDDEN (Background Dormant) | Working Set: 338.0 MB
2026-09-17 20:58:53.253 [TRANSITION] MetroHub is now SHOWN (Foreground Active) | Working Set: 338.1 MB
2026-09-17 20:58:58.946 [TRANSITION] MetroHub is now HIDDEN (Background Dormant) | Working Set: 384.3 MB
2026-09-17 20:59:02.286 [TRANSITION] MetroHub is now SHOWN (Foreground Active) | Working Set: 384.4 MB
2026-09-17 20:59:05.979 [TRANSITION] MetroHub is now HIDDEN (Background Dormant) | Working Set: 493.8 MB
2026-09-17 20:59:09.953 [TRANSITION] MetroHub is now SHOWN (Foreground Active) | Working Set: 457.2 MB
2026-09-17 20:59:11.770 [TRANSITION] MetroHub is now HIDDEN (Background Dormant) | Working Set: 457.9 MB
2026-09-17 21:02:02.603 [TRANSITION] MetroHub is now SHOWN (Foreground Active) | Working Set: 167.6 MB
2026-09-17 21:02:04.720 [TRANSITION] MetroHub is now HIDDEN (Background Dormant) | Working Set: 186.7 MB
2026-09-17 21:02:06.404 [TRANSITION] MetroHub is now SHOWN (Foreground Active) | Working Set: 191.4 MB
2026-09-17 21:02:06.992 [TRANSITION] MetroHub is now HIDDEN (Background Dormant) | Working Set: 194.5 MB
2026-09-17 21:02:07.470 [TRANSITION] MetroHub is now SHOWN (Foreground Active) | Working Set: 194.8 MB
2026-09-17 21:02:11.162 [TRANSITION] MetroHub is now HIDDEN (Background Dormant) | Working Set: 203.9 MB
2026-09-17 21:02:14.423 [TRANSITION] MetroHub is now SHOWN (Foreground Active) | Working Set: 200.7 MB
2026-09-17 21:02:22.981 [TRANSITION] MetroHub is now HIDDEN (Background Dormant) | Working Set: 268.6 MB
2026-09-17 21:02:23.566 [TRANSITION] MetroHub is now SHOWN (Foreground Active) | Working Set: 269.5 MB
2026-09-17 21:02:24.606 [TRANSITION] MetroHub is now HIDDEN (Background Dormant) | Working Set: 269.9 MB
2026-09-17 21:02:28.834 [TRANSITION] MetroHub is now SHOWN (Foreground Active) | Working Set: 269.8 MB
2026-09-17 21:02:34.878 [TRANSITION] MetroHub is now HIDDEN (Background Dormant) | Working Set: 262.4 MB
2026-09-17 21:02:36.687 [TRANSITION] MetroHub is now SHOWN (Foreground Active) | Working Set: 262.5 MB
2026-09-17 21:02:42.441 [TRANSITION] MetroHub is now HIDDEN (Background Dormant) | Working Set: 264.7 MB
2026-09-17 21:02:57.680 [TRANSITION] MetroHub is now SHOWN (Foreground Active) | Working Set: 263.1 MB
2026-09-17 21:02:59.025 [TRANSITION] MetroHub is now HIDDEN (Background Dormant) | Working Set: 263.3 MB
2026-09-17 21:03:14.663 [TRANSITION] MetroHub is now SHOWN (Foreground Active) | Working Set: 263.3 MB
2026-09-17 21:03:20.155 [TRANSITION] MetroHub is now HIDDEN (Background Dormant) | Working Set: 274.1 MB
2026-09-17 21:03:42.743 [TRANSITION] MetroHub is now SHOWN (Foreground Active) | Working Set: 269.8 MB
2026-09-17 21:03:46.243 [TRANSITION] MetroHub is now HIDDEN (Background Dormant) | Working Set: 271.7 MB
2026-09-17 21:04:25.152 [TRANSITION] MetroHub is now SHOWN (Foreground Active) | Working Set: 269.2 MB
2026-09-17 21:04:30.708 [TRANSITION] MetroHub is now HIDDEN (Background Dormant) | Working Set: 279.8 MB
2026-09-17 21:04:31.423 [TRANSITION] MetroHub is now SHOWN (Foreground Active) | Working Set: 279.9 MB
2026-09-17 21:04:31.780 [TRANSITION] MetroHub is now HIDDEN (Background Dormant) | Working Set: 271.3 MB
2026-09-17 21:05:13.709 [TRANSITION] MetroHub is now SHOWN (Foreground Active) | Working Set: 269.7 MB
2026-09-17 21:05:16.488 [TRANSITION] MetroHub is now HIDDEN (Background Dormant) | Working Set: 276.8 MB
2026-09-17 21:05:20.713 [TRANSITION] MetroHub is now SHOWN (Foreground Active) | Working Set: 276.8 MB
2026-09-17 21:05:25.088 [TRANSITION] MetroHub is now HIDDEN (Background Dormant) | Working Set: 274.3 MB
2026-09-17 21:05:25.440 [TRANSITION] MetroHub is now SHOWN (Foreground Active) | Working Set: 274.3 MB
2026-09-17 21:05:26.504 [TRANSITION] MetroHub is now HIDDEN (Background Dormant) | Working Set: 274.0 MB
2026-09-17 21:05:40.363 [TRANSITION] MetroHub is now SHOWN (Foreground Active) | Working Set: 273.9 MB
2026-09-17 21:05:51.967 [TRANSITION] MetroHub is now HIDDEN (Background Dormant) | Working Set: 278.1 MB
2026-09-17 21:05:55.102 [TRANSITION] MetroHub is now SHOWN (Foreground Active) | Working Set: 278.1 MB
2026-09-17 21:05:55.423 [TRANSITION] MetroHub is now HIDDEN (Background Dormant) | Working Set: 277.7 MB
2026-09-17 21:06:36.799 [TRANSITION] MetroHub is now SHOWN (Foreground Active) | Working Set: 275.7 MB
2026-09-17 21:07:03.395 [TRANSITION] MetroHub is now HIDDEN (Background Dormant) | Working Set: 289.4 MB
2026-09-17 21:07:05.489 [TRANSITION] MetroHub is now SHOWN (Foreground Active) | Working Set: 289.5 MB
2026-09-17 21:07:16.666 [TRANSITION] MetroHub is now HIDDEN (Background Dormant) | Working Set: 290.2 MB
2026-09-17 21:07:17.143 [TRANSITION] MetroHub is now SHOWN (Foreground Active) | Working Set: 290.2 MB
2026-09-17 21:07:18.309 [TRANSITION] MetroHub is now HIDDEN (Background Dormant) | Working Set: 290.1 MB
2026-09-17 21:07:25.270 [TRANSITION] MetroHub is now SHOWN (Foreground Active) | Working Set: 232.9 MB
2026-09-17 21:07:26.378 [TRANSITION] MetroHub is now HIDDEN (Background Dormant) | Working Set: 233.3 MB
2026-09-17 21:07:56.951 [TRANSITION] MetroHub is now SHOWN (Foreground Active) | Working Set: 220.0 MB
2026-09-17 21:07:59.083 [TRANSITION] MetroHub is now HIDDEN (Background Dormant) | Working Set: 220.0 MB
2026-09-17 21:08:03.231 [TRANSITION] MetroHub is now SHOWN (Foreground Active) | Working Set: 165.2 MB
2026-09-17 21:08:05.042 [TRANSITION] MetroHub is now HIDDEN (Background Dormant) | Working Set: 180.8 MB
2026-09-17 21:08:23.112 [TRANSITION] MetroHub is now SHOWN (Foreground Active) | Working Set: 162.1 MB
2026-09-17 21:08:24.406 [TRANSITION] MetroHub is now HIDDEN (Background Dormant) | Working Set: 175.9 MB
2026-09-17 21:08:30.659 [TRANSITION] MetroHub is now SHOWN (Foreground Active) | Working Set: 176.5 MB
2026-09-17 21:08:37.676 [TRANSITION] MetroHub is now HIDDEN (Background Dormant) | Working Set: 193.0 MB
2026-09-17 21:08:38.027 [TRANSITION] MetroHub is now SHOWN (Foreground Active) | Working Set: 193.0 MB
2026-09-17 21:08:40.578 [TRANSITION] MetroHub is now HIDDEN (Background Dormant) | Working Set: 194.3 MB
2026-09-17 21:08:41.929 [TRANSITION] MetroHub is now SHOWN (Foreground Active) | Working Set: 194.3 MB
2026-09-17 21:08:58.373 [TRANSITION] MetroHub is now HIDDEN (Background Dormant) | Working Set: 211.7 MB
2026-09-17 21:09:09.988 [TRANSITION] MetroHub is now SHOWN (Foreground Active) | Working Set: 210.6 MB
2026-09-17 21:09:16.136 [TRANSITION] MetroHub is now HIDDEN (Background Dormant) | Working Set: 218.2 MB
2026-09-17 21:09:23.486 [TRANSITION] MetroHub is now SHOWN (Foreground Active) | Working Set: 248.7 MB
2026-09-17 21:09:25.539 [TRANSITION] MetroHub is now HIDDEN (Background Dormant) | Working Set: 248.6 MB
2026-09-17 21:09:30.020 [TRANSITION] MetroHub is now SHOWN (Foreground Active) | Working Set: 248.6 MB
2026-09-17 21:09:38.592 [TRANSITION] MetroHub is now HIDDEN (Background Dormant) | Working Set: 253.0 MB
2026-09-17 21:09:49.135 [TRANSITION] MetroHub is now SHOWN (Foreground Active) | Working Set: 251.1 MB
2026-09-17 21:09:59.020 [TRANSITION] MetroHub is now HIDDEN (Background Dormant) | Working Set: 254.7 MB
2026-09-17 21:20:40.783 [TRANSITION] MetroHub is now SHOWN (Foreground Active) | Working Set: 162.0 MB
2026-09-17 21:20:42.563 [TRANSITION] MetroHub is now HIDDEN (Background Dormant) | Working Set: 176.6 MB
2026-09-17 21:20:55.112 [TRANSITION] MetroHub is now SHOWN (Foreground Active) | Working Set: 178.7 MB
2026-09-17 21:21:03.043 [TRANSITION] MetroHub is now HIDDEN (Background Dormant) | Working Set: 199.1 MB
2026-09-17 21:21:07.776 [TRANSITION] MetroHub is now SHOWN (Foreground Active) | Working Set: 199.2 MB
2026-09-17 21:21:16.651 [TRANSITION] MetroHub is now HIDDEN (Background Dormant) | Working Set: 223.6 MB
2026-09-17 21:21:16.656 [TRANSITION] MetroHub is now HIDDEN (Background Dormant) | Working Set: 223.6 MB
2026-09-17 21:21:34.404 [TRANSITION] MetroHub is now SHOWN (Foreground Active) | Working Set: 221.2 MB
2026-09-17 21:21:44.226 [TRANSITION] MetroHub is now HIDDEN (Background Dormant) | Working Set: 223.7 MB
2026-09-17 21:21:46.880 [TRANSITION] MetroHub is now SHOWN (Foreground Active) | Working Set: 223.7 MB
2026-09-17 21:21:47.245 [TRANSITION] MetroHub is now HIDDEN (Background Dormant) | Working Set: 223.6 MB
2026-09-17 21:21:47.814 [TRANSITION] MetroHub is now SHOWN (Foreground Active) | Working Set: 224.9 MB
2026-09-17 21:21:48.134 [TRANSITION] MetroHub is now HIDDEN (Background Dormant) | Working Set: 224.9 MB
2026-09-17 21:21:51.596 [TRANSITION] MetroHub is now SHOWN (Foreground Active) | Working Set: 221.8 MB
2026-09-17 21:21:52.644 [TRANSITION] MetroHub is now HIDDEN (Background Dormant) | Working Set: 221.8 MB
2026-09-17 21:22:07.486 [TRANSITION] MetroHub is now SHOWN (Foreground Active) | Working Set: 221.1 MB
2026-09-17 21:22:19.331 [TRANSITION] MetroHub is now HIDDEN (Background Dormant) | Working Set: 220.2 MB
2026-09-17 21:22:19.335 [TRANSITION] MetroHub is now HIDDEN (Background Dormant) | Working Set: 220.2 MB
2026-09-17 21:22:24.770 [TRANSITION] MetroHub is now SHOWN (Foreground Active) | Working Set: 219.2 MB
2026-09-17 21:22:34.509 [TRANSITION] MetroHub is now HIDDEN (Background Dormant) | Working Set: 221.4 MB
2026-09-17 21:22:35.004 [TRANSITION] MetroHub is now SHOWN (Foreground Active) | Working Set: 221.4 MB
2026-09-17 21:22:36.144 [TRANSITION] MetroHub is now HIDDEN (Background Dormant) | Working Set: 221.9 MB
2026-09-17 21:22:38.149 [TRANSITION] MetroHub is now SHOWN (Foreground Active) | Working Set: 221.9 MB
2026-09-17 21:22:38.717 [TRANSITION] MetroHub is now HIDDEN (Background Dormant) | Working Set: 221.9 MB
2026-09-17 21:22:39.201 [TRANSITION] MetroHub is now SHOWN (Foreground Active) | Working Set: 221.9 MB
2026-09-17 21:22:39.647 [TRANSITION] MetroHub is now HIDDEN (Background Dormant) | Working Set: 222.1 MB
2026-09-17 21:22:55.748 [TRANSITION] MetroHub is now SHOWN (Foreground Active) | Working Set: 222.0 MB
2026-09-17 21:23:05.625 [TRANSITION] MetroHub is now HIDDEN (Background Dormant) | Working Set: 241.0 MB
2026-09-17 21:23:22.310 [TRANSITION] MetroHub is now SHOWN (Foreground Active) | Working Set: 230.9 MB
2026-09-17 21:23:26.891 [TRANSITION] MetroHub is now HIDDEN (Background Dormant) | Working Set: 232.9 MB
